Component: ARM Compiler 5.06 update 6 (build 750) Tool: armlink [4d35ed]

==============================================================================

Section Cross References

    system_mm32f327x.o(i.SetSysClock) refers to system_mm32f327x.o(i.SetSysClockToXX) for SetSysClockToXX
    system_mm32f327x.o(i.SetSysClockToXX) refers to system_mm32f327x.o(i.DELAY_xUs) for DELAY_xUs
    system_mm32f327x.o(i.SetSysClockToXX) refers to system_mm32f327x.o(i.AutoCalPllFactor) for AutoCalPllFactor
    system_mm32f327x.o(i.SetSysClockToXX) refers to system_mm32f327x.o(.data) for SystemCoreClock
    system_mm32f327x.o(i.SystemInit) refers to system_mm32f327x.o(i.SetSysClock) for SetSysClock
    startup_mm32f327x_keil.o(RESET) refers to startup_mm32f327x_keil.o(STACK) for __initial_sp
    startup_mm32f327x_keil.o(RESET) refers to startup_mm32f327x_keil.o(.text) for Reset_Handler
    startup_mm32f327x_keil.o(RESET) refers to port.o(.emb_text) for SVC_Handler
    startup_mm32f327x_keil.o(RESET) refers to main.o(i.SysTick_Handler) for SysTick_Handler
    startup_mm32f327x_keil.o(RESET) refers to rtc.o(i.RTC_IRQHandler) for RTC_IRQHandler
    startup_mm32f327x_keil.o(RESET) refers to interrupt.o(i.TIM1_UP_IRQHandler) for TIM1_UP_IRQHandler
    startup_mm32f327x_keil.o(RESET) refers to main.o(i.ETH_IRQHandler) for ETH_IRQHandler
    startup_mm32f327x_keil.o(.text) refers to system_mm32f327x.o(i.SystemInit) for SystemInit
    startup_mm32f327x_keil.o(.text) refers to entry.o(.ARM.Collect$$$$00000000) for __main
    eth_bsp_config.o(i.ETH_BSP_Config) refers to hal_misc.o(i.SysTick_CLKSourceConfig) for SysTick_CLKSourceConfig
    eth_bsp_config.o(i.ETH_BSP_Config) refers to hal_rcc.o(i.RCC_GetHCLKFreq) for RCC_GetHCLKFreq
    eth_bsp_config.o(i.ETH_BSP_Config) refers to eth_bsp_config.o(i.ETH_GPIO_Config) for ETH_GPIO_Config
    eth_bsp_config.o(i.ETH_BSP_Config) refers to eth_bsp_config.o(i.ETH_MAC_DMA_Config) for ETH_MAC_DMA_Config
    eth_bsp_config.o(i.ETH_BSP_Config) refers to hal_eth.o(i.ETH_ReadPHYRegister) for ETH_ReadPHYRegister
    eth_bsp_config.o(i.ETH_BSP_Config) refers to eth_bsp_config.o(.data) for EthStatus
    eth_bsp_config.o(i.ETH_GPIO_Config) refers to hal_rcc.o(i.RCC_AHBPeriphClockCmd) for RCC_AHBPeriphClockCmd
    eth_bsp_config.o(i.ETH_GPIO_Config) refers to hal_rcc.o(i.RCC_APB2PeriphClockCmd) for RCC_APB2PeriphClockCmd
    eth_bsp_config.o(i.ETH_GPIO_Config) refers to hal_gpio.o(i.GPIO_Init) for GPIO_Init
    eth_bsp_config.o(i.ETH_GPIO_Config) refers to hal_gpio.o(i.GPIO_PinAFConfig) for GPIO_PinAFConfig
    eth_bsp_config.o(i.ETH_MAC_DMA_Config) refers to hal_rcc.o(i.RCC_AHBPeriphClockCmd) for RCC_AHBPeriphClockCmd
    eth_bsp_config.o(i.ETH_MAC_DMA_Config) refers to hal_eth.o(i.ETH_DeInit) for ETH_DeInit
    eth_bsp_config.o(i.ETH_MAC_DMA_Config) refers to hal_eth.o(i.ETH_SoftwareReset) for ETH_SoftwareReset
    eth_bsp_config.o(i.ETH_MAC_DMA_Config) refers to hal_eth.o(i.ETH_GetSoftwareResetStatus) for ETH_GetSoftwareResetStatus
    eth_bsp_config.o(i.ETH_MAC_DMA_Config) refers to hal_eth.o(i.ETH_StructInit) for ETH_StructInit
    eth_bsp_config.o(i.ETH_MAC_DMA_Config) refers to hal_eth.o(i.ETH_Init) for ETH_Init
    eth_bsp_config.o(i.ETH_MAC_DMA_Config) refers to eth_bsp_config.o(.data) for EthStatus
    eth_bsp_config.o(i.ETH_NVIC_Config) refers to hal_misc.o(i.NVIC_PriorityGroupConfig) for NVIC_PriorityGroupConfig
    eth_bsp_config.o(i.ETH_NVIC_Config) refers to hal_misc.o(i.NVIC_Init) for NVIC_Init
    tcpecho.o(i.tcpecho_init) refers to sys_arch.o(i.sys_thread_new) for sys_thread_new
    tcpecho.o(i.tcpecho_init) refers to tcpecho.o(i.tcpecho_thread) for tcpecho_thread
    tcpecho.o(i.tcpecho_thread) refers to heap_4.o(i.pvPortMalloc) for pvPortMalloc
    tcpecho.o(i.tcpecho_thread) refers to sockets.o(i.lwip_socket) for lwip_socket
    tcpecho.o(i.tcpecho_thread) refers to def.o(i.lwip_htons) for lwip_htons
    tcpecho.o(i.tcpecho_thread) refers to sockets.o(i.lwip_bind) for lwip_bind
    tcpecho.o(i.tcpecho_thread) refers to sockets.o(i.lwip_listen) for lwip_listen
    tcpecho.o(i.tcpecho_thread) refers to sockets.o(i.lwip_accept) for lwip_accept
    tcpecho.o(i.tcpecho_thread) refers to sockets.o(i.lwip_setsockopt) for lwip_setsockopt
    tcpecho.o(i.tcpecho_thread) refers to sockets.o(i.lwip_recv) for lwip_recv
    tcpecho.o(i.tcpecho_thread) refers to boot_api.o(i.WriteAppData) for WriteAppData
    tcpecho.o(i.tcpecho_thread) refers to memseta.o(.text) for __aeabi_memclr4
    tcpecho.o(i.tcpecho_thread) refers to memmovea.o(.text) for __aeabi_memcpy
    tcpecho.o(i.tcpecho_thread) refers to sockets.o(i.lwip_write) for lwip_write
    tcpecho.o(i.tcpecho_thread) refers to hal_flash.o(i.FLASH_Unlock) for FLASH_Unlock
    tcpecho.o(i.tcpecho_thread) refers to hal_flash.o(i.FLASH_ErasePage) for FLASH_ErasePage
    tcpecho.o(i.tcpecho_thread) refers to hal_flash.o(i.FLASH_Lock) for FLASH_Lock
[...]
    sys_now                                  0x0800beed   Thumb Code    16  sys_arch.o(i.sys_now)
    sys_sem_free                             0x0800bf01   Thumb Code    16  sys_arch.o(i.sys_sem_free)
    sys_sem_new                              0x0800bf11   Thumb Code    58  sys_arch.o(i.sys_sem_new)
    sys_sem_set_invalid                      0x0800bf4b   Thumb Code     6  sys_arch.o(i.sys_sem_set_invalid)
    sys_sem_signal                           0x0800bf51   Thumb Code    18  sys_arch.o(i.sys_sem_signal)
    sys_sem_valid                            0x0800bf63   Thumb Code    14  sys_arch.o(i.sys_sem_valid)
    sys_thread_new                           0x0800bf71   Thumb Code    60  sys_arch.o(i.sys_thread_new)
    sys_timeout                              0x0800bfad   Thumb Code    50  timeouts.o(i.sys_timeout)
    sys_timeouts_init                        0x0800c0f5   Thumb Code    30  timeouts.o(i.sys_timeouts_init)
    sys_timeouts_sleeptime                   0x0800c11d   Thumb Code    78  timeouts.o(i.sys_timeouts_sleeptime)
    tcp_abandon                              0x0800c185   Thumb Code   260  tcp.o(i.tcp_abandon)
    tcp_abort                                0x0800c2e9   Thumb Code    14  tcp.o(i.tcp_abort)
    tcp_accept                               0x0800c2f7   Thumb Code    16  tcp.o(i.tcp_accept)
    tcp_alloc                                0x0800c34d   Thumb Code   190  tcp.o(i.tcp_alloc)
    tcp_arg                                  0x0800c41d   Thumb Code     6  tcp.o(i.tcp_arg)
    tcp_bind                                 0x0800c425   Thumb Code   188  tcp.o(i.tcp_bind)
    tcp_bind_netif                           0x0800c52d   Thumb Code    18  tcp.o(i.tcp_bind_netif)
    tcp_close                                0x0800c541   Thumb Code    58  tcp.o(i.tcp_close)
    tcp_eff_send_mss_netif                   0x0800c92d   Thumb Code    72  tcp.o(i.tcp_eff_send_mss_netif)
    tcp_enqueue_flags                        0x0800c99d   Thumb Code   372  tcp_out.o(i.tcp_enqueue_flags)
    tcp_err                                  0x0800cbdd   Thumb Code    34  tcp.o(i.tcp_err)
    tcp_fasttmr                              0x0800cc29   Thumb Code   150  tcp.o(i.tcp_fasttmr)
    tcp_free                                 0x0800cccd   Thumb Code    34  tcp.o(i.tcp_free)
    tcp_init                                 0x0800cec1   Thumb Code     2  tcp.o(i.tcp_init)
    tcp_input                                0x0800cec5   Thumb Code  1898  tcp_in.o(i.tcp_input)
    tcp_keepalive                            0x0800d6fd   Thumb Code   112  tcp_out.o(i.tcp_keepalive)
    tcp_listen_with_backlog_and_err          0x0800daad   Thumb Code   226  tcp.o(i.tcp_listen_with_backlog_and_err)
    tcp_netif_ip_addr_changed                0x0800dc05   Thumb Code    64  tcp.o(i.tcp_netif_ip_addr_changed)
    tcp_new_ip_type                          0x0800dcc5   Thumb Code    16  tcp.o(i.tcp_new_ip_type)
    tcp_next_iss                             0x0800dd3d   Thumb Code    40  tcp.o(i.tcp_next_iss)
    tcp_output                               0x0800dd89   Thumb Code   674  tcp_out.o(i.tcp_output)
    tcp_pcb_purge                            0x0800e741   Thumb Code   108  tcp.o(i.tcp_pcb_purge)
    tcp_pcb_remove                           0x0800e7c9   Thumb Code   184  tcp.o(i.tcp_pcb_remove)
    tcp_poll                                 0x0800e8f1   Thumb Code    56  tcp.o(i.tcp_poll)
    tcp_process_refused_data                 0x0800f035   Thumb Code   178  tcp.o(i.tcp_process_refused_data)
    tcp_recv                                 0x0800f85d   Thumb Code    34  tcp.o(i.tcp_recv)
    tcp_recv_null                            0x0800f8a9   Thumb Code    68  tcp.o(i.tcp_recv_null)
    tcp_recved                               0x0800f909   Thumb Code   120  tcp.o(i.tcp_recved)
    tcp_rexmit                               0x0800fa15   Thumb Code   136  tcp_out.o(i.tcp_rexmit)
    tcp_rexmit_fast                          0x0800fab5   Thumb Code   140  tcp_out.o(i.tcp_rexmit_fast)
    tcp_rexmit_rto                           0x0800fb61   Thumb Code    36  tcp_out.o(i.tcp_rexmit_rto)
    tcp_rexmit_rto_commit                    0x0800fba1   Thumb Code    46  tcp_out.o(i.tcp_rexmit_rto_commit)
    tcp_rexmit_rto_prepare                   0x0800fbf5   Thumb Code   158  tcp_out.o(i.tcp_rexmit_rto_prepare)
    tcp_rst                                  0x0800fcd9   Thumb Code   136  tcp_out.o(i.tcp_rst)
    tcp_seg_free                             0x0800fd99   Thumb Code    26  tcp.o(i.tcp_seg_free)
    tcp_segs_free                            0x0800fdb3   Thumb Code    24  tcp.o(i.tcp_segs_free)
    tcp_send_empty_ack                       0x0800fdcd   Thumb Code   192  tcp_out.o(i.tcp_send_empty_ack)
    tcp_send_fin                             0x0800fead   Thumb Code    94  tcp_out.o(i.tcp_send_fin)
    tcp_sent                                 0x0800ff29   Thumb Code    32  tcp.o(i.tcp_sent)
    tcp_shutdown                             0x0800ff71   Thumb Code   124  tcp.o(i.tcp_shutdown)
    tcp_slowtmr                              0x08010009   Thumb Code  1532  tcp.o(i.tcp_slowtmr)
    tcp_split_unsent_seg                     0x08010691   Thumb Code   488  tcp_out.o(i.tcp_split_unsent_seg)
    tcp_timer_needed                         0x080108ed   Thumb Code    38  timeouts.o(i.tcp_timer_needed)
    tcp_tmr                                  0x08010a01   Thumb Code    30  tcp.o(i.tcp_tmr)
    tcp_trigger_input_pcb_close              0x08010a25   Thumb Code    14  tcp_in.o(i.tcp_trigger_input_pcb_close)
    tcp_update_rcv_ann_wnd                   0x08010a39   Thumb Code   110  tcp.o(i.tcp_update_rcv_ann_wnd)
    tcp_write                                0x08010ae9   Thumb Code  1878  tcp_out.o(i.tcp_write)
    tcp_zero_window_probe                    0x08011441   Thumb Code   252  tcp_out.o(i.tcp_zero_window_probe)
    tcpecho_init                             0x08011561   Thumb Code    20  tcpecho.o(i.tcpecho_init)
    tcpecho_thread                           0x08011589   Thumb Code   566  tcpecho.o(i.tcpecho_thread)
    tcpip_init                               0x080117e1   Thumb Code    84  tcpip.o(i.tcpip_init)
    tcpip_inpkt                              0x08011899   Thumb Code    88  tcpip.o(i.tcpip_inpkt)
    tcpip_input                              0x08011905   Thumb Code    40  tcpip.o(i.tcpip_input)
    tcpip_send_msg_wait_sem                  0x08011935   Thumb Code    28  tcpip.o(i.tcpip_send_msg_wait_sem)
    udp_bind                                 0x08011b35   Thumb Code   194  udp.o(i.udp_bind)
    udp_bind_netif                           0x08011c19   Thumb Code    18  udp.o(i.udp_bind_netif)
    udp_init                                 0x08011c2b   Thumb Code     2  udp.o(i.udp_init)
    udp_input                                0x08011c2d   Thumb Code   484  udp.o(i.udp_input)
    udp_netif_ip_addr_changed                0x08011f39   Thumb Code    42  udp.o(i.udp_netif_ip_addr_changed)
    udp_new                                  0x08011f69   Thumb Code    28  udp.o(i.udp_new)
    udp_new_ip_type                          0x08011f85   Thumb Code    14  udp.o(i.udp_new_ip_type)
    udp_recv                                 0x08011fed   Thumb Code    34  udp.o(i.udp_recv)
    udp_remove                               0x08012029   Thumb Code    84  udp.o(i.udp_remove)
    udp_send                                 0x08012099   Thumb Code    64  udp.o(i.udp_send)
    udp_sendto                               0x08012109   Thumb Code   142  udp.o(i.udp_sendto)
    udp_sendto_if                            0x080121e9   Thumb Code   162  udp.o(i.udp_sendto_if)
    udp_sendto_if_src                        0x08012305   Thumb Code   408  udp.o(i.udp_sendto_if_src)
    uxListRemove                             0x08012579   Thumb Code    40  list.o(i.uxListRemove)
    uxQueueMessagesWaiting                   0x080125a1   Thumb Code    18  queue.o(i.uxQueueMessagesWaiting)
    vListInitialise                          0x080125b3   Thumb Code    26  list.o(i.vListInitialise)
    vListInitialiseItem                      0x080125cd   Thumb Code     6  list.o(i.vListInitialiseItem)
    vListInsert                              0x080125d3   Thumb Code    52  list.o(i.vListInsert)
    vListInsertEnd                           0x08012607   Thumb Code    24  list.o(i.vListInsertEnd)
    vPortEnterCritical                       0x08012621   Thumb Code    30  port.o(i.vPortEnterCritical)
    vPortExitCritical                        0x08012645   Thumb Code    28  port.o(i.vPortExitCritical)
    vPortFree                                0x08012665   Thumb Code    64  heap_4.o(i.vPortFree)
    vPortSetupTimerInterrupt                 0x080126ad   Thumb Code    26  port.o(i.vPortSetupTimerInterrupt)
    vQueueDelete                             0x080126cd   Thumb Code    20  queue.o(i.vQueueDelete)
    vQueueUnregisterQueue                    0x080126e1   Thumb Code    44  queue.o(i.vQueueUnregisterQueue)
    vTaskDelete                              0x08012711   Thumb Code   166  tasks.o(i.vTaskDelete)
    vTaskMissedYield                         0x080127dd   Thumb Code     8  tasks.o(i.vTaskMissedYield)
    vTaskPlaceOnEventList                    0x080127e9   Thumb Code    28  tasks.o(i.vTaskPlaceOnEventList)
    vTaskPriorityInherit                     0x08012809   Thumb Code   164  tasks.o(i.vTaskPriorityInherit)
    vTaskSetTimeOutState                     0x080128b9   Thumb Code    14  tasks.o(i.vTaskSetTimeOutState)
    vTaskStartScheduler                      0x080128d1   Thumb Code    72  tasks.o(i.vTaskStartScheduler)
    vTaskSuspendAll                          0x08012935   Thumb Code    12  tasks.o(i.vTaskSuspendAll)
    vTaskSwitchContext                       0x08012945   Thumb Code    76  tasks.o(i.vTaskSwitchContext)
    xPortStartScheduler                      0x080129a5   Thumb Code    42  port.o(i.xPortStartScheduler)
    xPortSysTickHandler                      0x080129d9   Thumb Code    46  port.o(i.xPortSysTickHandler)
    xQueueCreateCountingSemaphore            0x08012a0d   Thumb Code    26  queue.o(i.xQueueCreateCountingSemaphore)
    xQueueCreateMutex                        0x08012a27   Thumb Code    34  queue.o(i.xQueueCreateMutex)
    xQueueGenericCreate                      0x08012a49   Thumb Code    56  queue.o(i.xQueueGenericCreate)
    xQueueGenericReceive                     0x08012a81   Thumb Code   342  queue.o(i.xQueueGenericReceive)
    xQueueGenericReset                       0x08012bdd   Thumb Code   122  queue.o(i.xQueueGenericReset)
    xQueueGenericSend                        0x08012c5d   Thumb Code   276  queue.o(i.xQueueGenericSend)
    xQueueGiveFromISR                        0x08012d75   Thumb Code   120  queue.o(i.xQueueGiveFromISR)
    xTaskCheckForTimeOut                     0x08012ded   Thumb Code    84  tasks.o(i.xTaskCheckForTimeOut)
    xTaskCreate                              0x08012e49   Thumb Code    96  tasks.o(i.xTaskCreate)
    xTaskGetSchedulerState                   0x08012ea9   Thumb Code    24  tasks.o(i.xTaskGetSchedulerState)
    xTaskGetTickCount                        0x08012ec9   Thumb Code     6  tasks.o(i.xTaskGetTickCount)
    xTaskIncrementTick                       0x08012ed5   Thumb Code   238  tasks.o(i.xTaskIncrementTick)
    xTaskPriorityDisinherit                  0x08012ff1   Thumb Code   122  tasks.o(i.xTaskPriorityDisinherit)
    xTaskRemoveFromEventList                 0x08013075   Thumb Code   104  tasks.o(i.xTaskRemoveFromEventList)
    xTaskResumeAll                           0x080130f5   Thumb Code   196  tasks.o(i.xTaskResumeAll)
    table_week                               0x080131dc   Data          12  rtc.o(.constdata)
    mon_table                                0x080131e8   Data          12  rtc.o(.constdata)
    memp_UDP_PCB                             0x080131f4   Data          16  memp.o(.constdata)
    memp_TCP_PCB                             0x08013204   Data          16  memp.o(.constdata)
    memp_TCP_PCB_LISTEN                      0x08013214   Data          16  memp.o(.constdata)
    memp_TCP_SEG                             0x08013224   Data          16  memp.o(.constdata)
    memp_REASSDATA                           0x08013234   Data          16  memp.o(.constdata)
    memp_FRAG_PBUF                           0x08013244   Data          16  memp.o(.constdata)
    memp_NETBUF                              0x08013254   Data          16  memp.o(.constdata)
    memp_NETCONN                             0x08013264   Data          16  memp.o(.constdata)
    memp_TCPIP_MSG_API                       0x08013274   Data          16  memp.o(.constdata)
    memp_TCPIP_MSG_INPKT                     0x08013284   Data          16  memp.o(.constdata)
    memp_SYS_TIMEOUT                         0x08013294   Data          16  memp.o(.constdata)
    memp_PBUF                                0x080132a4   Data          16  memp.o(.constdata)
    memp_PBUF_POOL                           0x080132b4   Data          16  memp.o(.constdata)
    memp_pools                               0x080132c4   Data          52  memp.o(.constdata)
    tcp_pcb_lists                            0x08013338   Data          16  tcp.o(.constdata)
    lwip_cyclic_timers                       0x08013348   Data          24  timeouts.o(.constdata)
    lwip_num_cyclic_timers                   0x08013360   Data           4  timeouts.o(.constdata)
    ip_addr_any                              0x08013364   Data           4  ip4_addr.o(.constdata)
    ip_addr_broadcast                        0x08013368   Data           4  ip4_addr.o(.constdata)
    ethbroadcast                             0x0801336c   Data           6  ethernet.o(.constdata)
    ethzero                                  0x08013372   Data           6  ethernet.o(.constdata)
    netconn_aborted                          0x08013378   Data           1  api_msg.o(.constdata)
    netconn_reset                            0x08013379   Data           1  api_msg.o(.constdata)
    netconn_closed                           0x0801337a   Data           1  api_msg.o(.constdata)
    __ctype_table                            0x080133c0   Data         129  ctype_o.o(.constdata)
    Region$$Table$$Base                      0x08013630   Number         0  anon$$obj.o(Region$$Table)
    Region$$Table$$Limit                     0x08013650   Number         0  anon$$obj.o(Region$$Table)
    temp_flag1                               0x08024004   Data           1  main.o(.ARM.__AT_0x08024004)
    temp_flag                                0x0807fc00   Data           1  main.o(.ARM.__AT_0x0807FC00)
    SystemCoreClock                          0x20000000   Data           4  system_mm32f327x.o(.data)
    AHBPrescTable                            0x20000004   Data          16  system_mm32f327x.o(.data)
    EthStatus                                0x20000014   Data           4  eth_bsp_config.o(.data)
    iDataLength                              0x20000018   Data           4  tcpecho.o(.data)
    ADCVAL                                   0x20000020   Data           2  main.o(.data)
    fValue                                   0x20000024   Data           4  main.o(.data)
    SystemTick_Count                         0x20000028   Data           4  main.o(.data)
    FlagAddr                                 0x20000034   Data          12  main.o(.data)
    watch                                    0x20000040   Data           2  ad8688.o(.data)
    s_xSemaphore                             0x20000044   Data           4  ethernetif.o(.data)
    tx_sem                                   0x20000048   Data           4  ethernetif.o(.data)
    eth_tx_mb                                0x2000004c   Data           4  ethernetif.o(.data)
    errno                                    0x20000054   Data           4  sys_arch.o(.data)
    lwip_sys_now                             0x20000058   Data           4  sys_arch.o(.data)
    ipaddr                                   0x20000060   Data           4  sys_arch.o(.data)
    netmask                                  0x20000064   Data           4  sys_arch.o(.data)
    gw                                       0x20000068   Data           4  sys_arch.o(.data)
    IP_ADDRESS                               0x2000006c   Data           4  sys_arch.o(.data)
    NETMASK_ADDRESS                          0x20000070   Data           4  sys_arch.o(.data)
    GATEWAY_ADDRESS                          0x20000074   Data           4  sys_arch.o(.data)
    netif_list                               0x200000bc   Data           4  netif.o(.data)
    netif_default                            0x200000c0   Data           4  netif.o(.data)
    tcp_ticks                                0x200000cc   Data           4  tcp.o(.data)
    tcp_bound_pcbs                           0x200000d0   Data           4  tcp.o(.data)
    tcp_listen_pcbs                          0x200000d4   Data           4  tcp.o(.data)
    tcp_active_pcbs                          0x200000d8   Data           4  tcp.o(.data)
    tcp_tw_pcbs                              0x200000dc   Data           4  tcp.o(.data)
    tcp_active_pcbs_changed                  0x200000e0   Data           1  tcp.o(.data)
    tcp_input_pcb                            0x2000010c   Data           4  tcp_in.o(.data)
    udp_pcbs                                 0x20000120   Data           4  udp.o(.data)
    pxCurrentTCB                             0x20000130   Data           4  tasks.o(.data)
    lock_tcpip_core                          0x20000198   Data           4  tcpip.o(.data)
    DMATxDescToSet                           0x2000019c   Data           4  hal_eth.o(.data)
    DMARxDescToGet                           0x200001a0   Data           4  hal_eth.o(.data)
    DMA_RX_FRAME_infos                       0x200001a4   Data           4  hal_eth.o(.data)
    Frame_Rx_index                           0x200001a8   Data           4  hal_eth.o(.data)
    tbPresc                                  0x200001ac   Data          16  hal_rcc.o(.data)
    response                                 0x200001bc   Data          42  boot_api.o(.data)
    head                                     0x200001e6   Data           4  boot_api.o(.data)
    recAllDataFlag                           0x200001ea   Data           1  boot_api.o(.data)
    jump2app                                 0x200001ec   Data           4  iap.o(.data)
    __stdout                                 0x200001f0   Data           4  stdout.o(.data)
    __microlib_freelist                      0x200001f4   Data           4  mvars.o(.data)
    DMARxDscrTab                             0x200001fc   Data          64  eth_bsp_config.o(.bss)
    DMATxDscrTab                             0x2000023c   Data          64  eth_bsp_config.o(.bss)
    Rx_Buff                                  0x2000027c   Data        6096  eth_bsp_config.o(.bss)
    Tx_Buff                                  0x20001a4c   Data        6096  eth_bsp_config.o(.bss)
    calendar                                 0x2000321c   Data          10  rtc.o(.bss)
    printBuf                                 0x20003226   Data         100  rtc.o(.bss)
    ReadFlashTemp                            0x2000329e   Data        1024  flash_data.o(.bss)
    AGEVar                                   0x200036a0   Data         916  inter_init.o(.bss)
    SysCtrl                                  0x20003a34   Data       12672  inter_init.o(.bss)
    AGECtrl                                  0x20006bb4   Data         940  inter_init.o(.bss)
    AGEProg                                  0x20006f60   Data          48  inter_init.o(.bss)
    Calib                                    0x20006f90   Data        3328  inter_init.o(.bss)
    gnetif                                   0x20007cb0   Data          48  sys_arch.o(.bss)
    ip_data                                  0x20007ce0   Data          24  ip.o(.bss)
    ram_heap                                 0x20007cf8   Data       25619  mem.o(.bss)
    memp_memory_UDP_PCB_base                 0x2000e10b   Data         131  memp.o(.bss)
    memp_memory_TCP_PCB_base                 0x2000e18e   Data         611  memp.o(.bss)
    memp_memory_TCP_PCB_LISTEN_base          0x2000e3f1   Data          59  memp.o(.bss)
    memp_memory_TCP_SEG_base                 0x2000e42c   Data        2403  memp.o(.bss)
    memp_memory_REASSDATA_base               0x2000ed8f   Data         163  memp.o(.bss)
    memp_memory_FRAG_PBUF_base               0x2000ee32   Data         363  memp.o(.bss)
    memp_memory_NETBUF_base                  0x2000ef9d   Data          35  memp.o(.bss)
    memp_memory_NETCONN_base                 0x2000efc0   Data         163  memp.o(.bss)
    memp_memory_TCPIP_MSG_API_base           0x2000f063   Data         131  memp.o(.bss)
    memp_memory_TCPIP_MSG_INPKT_base         0x2000f0e6   Data         131  memp.o(.bss)
    memp_memory_SYS_TIMEOUT_base             0x2000f169   Data          99  memp.o(.bss)
    memp_memory_PBUF_base                    0x2000f1cc   Data         243  memp.o(.bss)
    memp_memory_PBUF_POOL_base               0x2000f2bf   Data       30643  memp.o(.bss)
    xQueueRegistry                           0x20016b78   Data          80  queue.o(.bss)
    RX_Frame_Descriptor                      0x2001d2ec   Data          12  hal_eth.o(.bss)
    __initial_sp                             0x2001d6f8   Data           0  startup_mm32f327x_keil.o(STACK)



==============================================================================

Memory Map of the image

  Image Entry point : 0x08000191

  Load Region LR_IROM1 (Base: 0x08000000, Size: 0x0001384c, Max: 0x00023000, ABSOLUTE, COMPRESSED[0x000136a4])

    Execution Region ER_IROM1 (Exec base: 0x08000000, Load base: 0x08000000, Size: 0x00013650, Max: 0x00023000, ABSOLUTE)

    Exec Addr    Load Addr    Size         Type   Attr      Idx    E Section Name        Object

    0x08000000   0x08000000   0x00000190   Data   RO          163    RESET               startup_mm32f327x_keil.o
    0x08000190   0x08000190   0x00000000   Code   RO        10709  * .ARM.Collect$$$$00000000  mc_w.l(entry.o)
    0x08000190   0x08000190   0x00000004   Code   RO        11077    .ARM.Collect$$$$00000001  mc_w.l(entry2.o)
    0x08000194   0x08000194   0x00000004   Code   RO        11080    .ARM.Collect$$$$00000004  mc_w.l(entry5.o)
    0x08000198   0x08000198   0x00000000   Code   RO        11082    .ARM.Collect$$$$00000008  mc_w.l(entry7b.o)
    0x08000198   0x08000198   0x00000000   Code   RO        11084    .ARM.Collect$$$$0000000A  mc_w.l(entry8b.o)
    0x08000198   0x08000198   0x00000008   Code   RO        11085    .ARM.Collect$$$$0000000B  mc_w.l(entry9a.o)
    0x080001a0   0x080001a0   0x00000000   Code   RO        11087    .ARM.Collect$$$$0000000D  mc_w.l(entry10a.o)
    0x080001a0   0x080001a0   0x00000000   Code   RO        11089    .ARM.Collect$$$$0000000F  mc_w.l(entry11a.o)
    0x080001a0   0x080001a0   0x00000004   Code   RO        11078    .ARM.Collect$$$$00002712  mc_w.l(entry2.o)
    0x080001a4   0x080001a4   0x00000096   Code   RO         5265    .emb_text           port.o
    0x0800023a   0x0800023a   0x00000002   PAD
    0x0800023c   0x0800023c   0x0000000c   Code   RO        10682    .emb_text           drv_sys.o
    0x08000248   0x08000248   0x00000024   Code   RO          164    .text               startup_mm32f327x_keil.o
    0x0800026c   0x0800026c   0x00000008   Code   RO        10712    .text               mc_w.l(ctype_o.o)
    0x08000274   0x08000274   0x00000040   Code   RO        10742    .text               mc_w.l(memmovea.o)
    0x080002b4   0x080002b4   0x00000024   Code   RO        10744    .text               mc_w.l(memseta.o)
    0x080002d8   0x080002d8   0x0000001a   Code   RO        10748    .text               mc_w.l(memcmp.o)
    0x080002f2   0x080002f2   0x0000001a   Code   RO        11045    .text               mc_w.l(atoi.o)
    0x0800030c   0x0800030c   0x0000002c   Code   RO        11092    .text               mc_w.l(uidiv.o)
    0x08000338   0x08000338   0x00000070   Code   RO        11109    .text               mc_w.l(strtol.o)
    0x080003a8   0x080003a8   0x00000024   Code   RO        11122    .text               mc_w.l(init.o)
    0x080003cc   0x080003cc   0x0000009e   Code   RO        11126    .text               mc_w.l(_strtoul.o)
    0x0800046a   0x0800046a   0x0000001c   Code   RO        11128    .text               mc_w.l(_chval.o)
    0x08000486   0x08000486   0x00000056   Code   RO        11138    .text               mc_w.l(__dczerorl2.o)
    0x080004dc   0x080004dc   0x00000038   Code   RO         1326    i.ADS8688_Reset     ad8688.o
    0x08000514   0x08000514   0x00000118   Code   RO         1413    i.AGE_CtrlDrive_GpioInit  age_ctrldrive.o
    0x0800062c   0x0800062c   0x0000002c   Code   RO         1119    i.AppTaskCreate     main.o
    0x08000658   0x08000658   0x000000a0   Code   RO         1909    i.App_LEDGpioCfg    inter_init.o
    0x080006f8   0x080006f8   0x00000066   Code   RO            4    i.AutoCalPllFactor  system_mm32f327x.o
    0x0800075e   0x0800075e   0x00000010   Code   RO         6687    i.BKP_DeInit        hal_bkp.o
    0x0800076e   0x0800076e   0x00000002   PAD
    0x08000770   0x08000770   0x00000010   Code   RO         6692    i.BKP_ReadBackupRegister  hal_bkp.o
    0x08000780   0x08000780   0x00000010   Code   RO         6696    i.BKP_WriteBackupRegister  hal_bkp.o
    0x08000790   0x08000790   0x00000034   Code   RO         2017    i.ClearProgParam    miscellaneous.o
    0x080007c4   0x080007c4   0x0000006c   Code   RO         2019    i.ClearVarParam     miscellaneous.o
    0x08000830   0x08000830   0x000000bc   Code   RO         1327    i.Comu_8688         ad8688.o
    0x080008ec   0x080008ec   0x00000058   Code   RO         2206    i.CtrlAGE_STOP_CTRL  steptypectrl.o
    0x08000944   0x08000944   0x00000394   Code   RO         1414    i.CtrlEN33_64_GpioInit  age_ctrldrive.o
    0x08000cd8   0x08000cd8   0x0000031c   Code   RO         2060    i.CtrlSchState      programmctrl.o
    0x08000ff4   0x08000ff4   0x00000350   Code   RO         1417    i.Ctrl_EN33_64      age_ctrldrive.o
    0x08001344   0x08001344   0x0000011c   Code   RO         1418    i.Ctrl_ON_Switch    age_ctrldrive.o
    0x08001460   0x08001460   0x00000074   Code   RO         1419    i.DA_LoadData       age_ctrldrive.o
    0x080014d4   0x080014d4   0x0000001e   Code   RO          986    i.DELAY_Ms          delay.o
    0x080014f2   0x080014f2   0x00000042   Code   RO            5    i.DELAY_xUs         system_mm32f327x.o
    0x08001534   0x08001534   0x00000090   Code   RO          171    i.ETH_BSP_Config    eth_bsp_config.o
    0x080015c4   0x080015c4   0x000000d0   Code   RO         7379    i.ETH_CheckFrameReceived  hal_eth.o
    0x08001694   0x08001694   0x0000000c   Code   RO         7381    i.ETH_DMAClearITPendingBit  hal_eth.o
    0x080016a0   0x080016a0   0x00000024   Code   RO         7383    i.ETH_DMAReceptionCmd  hal_eth.o
    0x080016c4   0x080016c4   0x00000064   Code   RO         7384    i.ETH_DMARxDescChainInit  hal_eth.o
    0x08001728   0x08001728   0x00000024   Code   RO         7386    i.ETH_DMATransmissionCmd  hal_eth.o
    0x0800174c   0x0800174c   0x00000050   Code   RO         7389    i.ETH_DMATxDescChainInit  hal_eth.o
    0x0800179c   0x0800179c   0x00000016   Code   RO         7395    i.ETH_DeInit        hal_eth.o
    0x080017b2   0x080017b2   0x00000002   PAD
    0x080017b4   0x080017b4   0x00000014   Code   RO         7396    i.ETH_FlushTransmitFIFO  hal_eth.o
    0x080017c8   0x080017c8   0x00000120   Code   RO          172    i.ETH_GPIO_Config   eth_bsp_config.o
    0x080018e8   0x080018e8   0x00000010   Code   RO         7403    i.ETH_GetDMAITStatus  hal_eth.o
    0x080018f8   0x080018f8   0x00000010   Code   RO         7419    i.ETH_GetSoftwareResetStatus  hal_eth.o
    0x08001908   0x08001908   0x00000044   Code   RO         7421    i.ETH_Get_Received_Frame  hal_eth.o
    0x0800194c   0x0800194c   0x00000060   Code   RO         1120    i.ETH_IRQHandler    main.o
    0x080019ac   0x080019ac   0x00000260   Code   RO         7424    i.ETH_Init          hal_eth.o
    0x08001c0c   0x08001c0c   0x00000030   Code   RO         7426    i.ETH_MACAddressConfig  hal_eth.o
    0x08001c3c   0x08001c3c   0x00000024   Code   RO         7430    i.ETH_MACReceptionCmd  hal_eth.o
    0x08001c60   0x08001c60   0x00000024   Code   RO         7431    i.ETH_MACTransmissionCmd  hal_eth.o
    0x08001c84   0x08001c84   0x00000094   Code   RO          173    i.ETH_MAC_DMA_Config  eth_bsp_config.o
    0x08001d18   0x08001d18   0x0000002a   Code   RO          174    i.ETH_NVIC_Config   eth_bsp_config.o
    0x08001d42   0x08001d42   0x00000002   PAD
    0x08001d44   0x08001d44   0x000000dc   Code   RO         7442    i.ETH_Prepare_Transmit_Descriptors  hal_eth.o
    0x08001e20   0x08001e20   0x00000054   Code   RO         7443    i.ETH_ReadPHYRegister  hal_eth.o
    0x08001e74   0x08001e74   0x00000030   Code   RO         1121    i.ETH_RxCpltCallback  main.o
    0x08001ea4   0x08001ea4   0x00000014   Code   RO         7451    i.ETH_SoftwareReset  hal_eth.o
    0x08001eb8   0x08001eb8   0x00000020   Code   RO         7452    i.ETH_Start         hal_eth.o
    0x08001ed8   0x08001ed8   0x000000ae   Code   RO         7454    i.ETH_StructInit    hal_eth.o
    0x08001f86   0x08001f86   0x00000002   PAD
    0x08001f88   0x08001f88   0x00000044   Code   RO         7456    i.ETH_WritePHYRegister  hal_eth.o
    0x08001fcc   0x08001fcc   0x0000002c   Code   RO         7968    i.FLASH_ErasePage   hal_flash.o
    0x08001ff8   0x08001ff8   0x00000034   Code   RO         7971    i.FLASH_GetStatus   hal_flash.o
    0x0800202c   0x0800202c   0x00000014   Code   RO         7976    i.FLASH_Lock        hal_flash.o
    0x08002040   0x08002040   0x00000020   Code   RO         7979    i.FLASH_ProgramHalfWord  hal_flash.o
    0x08002060   0x08002060   0x0000003a   Code   RO          904    i.FLASH_Read_Word   sim_eeprom.o
    0x0800209a   0x0800209a   0x0000002e   Code   RO          908    i.FLASH_SIM_FindEmpty  sim_eeprom.o
    0x080020c8   0x080020c8   0x00000062   Code   RO          911    i.FLASH_SIM_WriteLocate  sim_eeprom.o
    0x0800212a   0x0800212a   0x00000002   PAD
    0x0800212c   0x0800212c   0x00000018   Code   RO         7985    i.FLASH_Unlock      hal_flash.o
    0x08002144   0x08002144   0x00000038   Code   RO         7987    i.FLASH_WaitForLastOperation  hal_flash.o
    0x0800217c   0x0800217c   0x00000034   Code   RO         8165    i.FSMC_NORSRAMInit  hal_fsmc.o
    0x080021b0   0x080021b0   0x00000018   Code   RO         8166    i.FSMC_NORSRAMStructInit  hal_fsmc.o
    0x080021c8   0x080021c8   0x0000001c   Code   RO         8167    i.FSMC_NORSRAM_BankStructInit  hal_fsmc.o
    0x080021e4   0x080021e4   0x000000f4   Code   RO         8168    i.FSMC_NORSRAM_Bank_Init  hal_fsmc.o
    0x080022d8   0x080022d8   0x00000058   Code   RO          737    i.FSMC_SRAM_Init    sram.o
    0x08002330   0x08002330   0x000000aa   Code   RO         8209    i.GPIO_Init         hal_gpio.o
    0x080023da   0x080023da   0x00000028   Code   RO         8210    i.GPIO_PinAFConfig  hal_gpio.o
    0x08002402   0x08002402   0x00000010   Code   RO         8214    i.GPIO_ReadInputDataBit  hal_gpio.o
    0x08002412   0x08002412   0x00000004   Code   RO         8217    i.GPIO_ResetBits    hal_gpio.o
    0x08002416   0x08002416   0x00000004   Code   RO         8218    i.GPIO_SetBits      hal_gpio.o
    0x0800241a   0x0800241a   0x00000010   Code   RO         8219    i.GPIO_StructInit   hal_gpio.o
    0x0800242a   0x0800242a   0x00000008   Code   RO         1910    i.InitAGESysContral  inter_init.o
    0x08002432   0x08002432   0x00000016   Code   RO         1911    i.InitAGESysParameter  inter_init.o
    0x08002448   0x08002448   0x0000003c   Code   RO         1912    i.InitInnerPeripheral  inter_init.o
    0x08002484   0x08002484   0x0000007c   Code   RO         1329    i.Init_AD8688Gpio   ad8688.o
    0x08002500   0x08002500   0x000000b8   Code   RO         1330    i.Init_Ads8688      ad8688.o
    0x080025b8   0x080025b8   0x0000003a   Code   RO          787    i.Is_Leap_Year      rtc.o
    0x080025f2   0x080025f2   0x00000002   PAD
    0x080025f4   0x080025f4   0x00000078   Code   RO         1981    i.MB88346B_Gpio_Init  mb88346b.o
    0x0800266c   0x0800266c   0x0000006c   Code   RO         8597    i.NVIC_Init         hal_misc.o
    0x080026d8   0x080026d8   0x00000014   Code   RO         8598    i.NVIC_PriorityGroupConfig  hal_misc.o
    0x080026ec   0x080026ec   0x00000024   Code   RO         8651    i.PWR_BackupAccessCmd  hal_pwr.o
    0x08002710   0x08002710   0x00000020   Code   RO         8748    i.RCC_AHB3PeriphClockCmd  hal_rcc.o
    0x08002730   0x08002730   0x00000020   Code   RO         8750    i.RCC_AHBPeriphClockCmd  hal_rcc.o
    0x08002750   0x08002750   0x00000020   Code   RO         8752    i.RCC_AHBPeriphResetCmd  hal_rcc.o
    0x08002770   0x08002770   0x00000020   Code   RO         8753    i.RCC_APB1PeriphClockCmd  hal_rcc.o
    0x08002790   0x08002790   0x00000020   Code   RO         8756    i.RCC_APB2PeriphClockCmd  hal_rcc.o
    0x080027b0   0x080027b0   0x00000018   Code   RO         8760    i.RCC_BackupResetCmd  hal_rcc.o
    0x080027c8   0x080027c8   0x0000003c   Code   RO         8772    i.RCC_GetFlagStatus  hal_rcc.o
    0x08002804   0x08002804   0x00000020   Code   RO         8773    i.RCC_GetHCLKFreq   hal_rcc.o
    0x08002824   0x08002824   0x00000074   Code   RO         8778    i.RCC_GetSysClockFreq  hal_rcc.o
    0x08002898   0x08002898   0x00000044   Code   RO         8783    i.RCC_LSEConfig     hal_rcc.o
    0x080028dc   0x080028dc   0x00000018   Code   RO         8791    i.RCC_RTCCLKCmd     hal_rcc.o
    0x080028f4   0x080028f4   0x00000014   Code   RO         8792    i.RCC_RTCCLKConfig  hal_rcc.o
    0x08002908   0x08002908   0x00000010   Code   RO         9129    i.RTC_ClearITPendingBit  hal_rtc.o
    0x08002918   0x08002918   0x00000014   Code   RO         9130    i.RTC_EnterConfigMode  hal_rtc.o
    0x0800292c   0x0800292c   0x00000020   Code   RO         9131    i.RTC_ExitConfigMode  hal_rtc.o
    0x0800294c   0x0800294c   0x00000100   Code   RO          788    i.RTC_Get           rtc.o
    0x08002a4c   0x08002a4c   0x00000014   Code   RO         9132    i.RTC_GetCounter    hal_rtc.o
    0x08002a60   0x08002a60   0x00000010   Code   RO         9135    i.RTC_GetITStatus   hal_rtc.o
    0x08002a70   0x08002a70   0x00000078   Code   RO          789    i.RTC_Get_Week      rtc.o
    0x08002ae8   0x08002ae8   0x00000028   Code   RO          790    i.RTC_IRQHandler    rtc.o
    0x08002b10   0x08002b10   0x00000024   Code   RO         9136    i.RTC_ITConfig      hal_rtc.o
    0x08002b34   0x08002b34   0x000000c8   Code   RO          791    i.RTC_Init          rtc.o
    0x08002bfc   0x08002bfc   0x00000014   Code   RO          792    i.RTC_LSE_Init      rtc.o
    0x08002c10   0x08002c10   0x00000022   Code   RO          793    i.RTC_NVIC_Config   rtc.o
    0x08002c32   0x08002c32   0x00000002   PAD
    0x08002c34   0x08002c34   0x000000d4   Code   RO          794    i.RTC_Set           rtc.o
    0x08002d08   0x08002d08   0x0000001c   Code   RO         9138    i.RTC_SetCounter    hal_rtc.o
    0x08002d24   0x08002d24   0x0000001c   Code   RO         9139    i.RTC_SetPrescaler  hal_rtc.o
    0x08002d40   0x08002d40   0x00000014   Code   RO         9140    i.RTC_WaitForLastTask  hal_rtc.o
    0x08002d54   0x08002d54   0x00000020   Code   RO         9141    i.RTC_WaitForSynchro  hal_rtc.o
    0x08002d74   0x08002d74   0x000000b8   Code   RO         1828    i.ReadConInCurFlashBlock  flash_data.o
    0x08002e2c   0x08002e2c   0x000000d8   Code   RO         1829    i.ReadSampleInCurFlashBlock  flash_data.o
    0x08002f04   0x08002f04   0x000000e0   Code   RO         1830    i.ReadSampleOutCurFlashBlock  flash_data.o
    0x08002fe4   0x08002fe4   0x00000050   Code   RO         1333    i.Read_Reg_8688     ad8688.o
    0x08003034   0x08003034   0x000000ec   Code   RO          702    i.SRAM_PIN_GPIO_Config  fsmc_sram.o
    0x08003120   0x08003120   0x000000a0   Code   RO         1982    i.SetMB88346BMainDA  mb88346b.o
    0x080031c0   0x080031c0   0x00000130   Code   RO         1983    i.SetMB88346BSingle  mb88346b.o
    0x080032f0   0x080032f0   0x00000030   Code   RO            6    i.SetSysClock       system_mm32f327x.o
    0x08003320   0x08003320   0x00000228   Code   RO            7    i.SetSysClockToXX   system_mm32f327x.o
    0x08003548   0x08003548   0x00000028   Code   RO         8601    i.SysTick_CLKSourceConfig  hal_misc.o
    0x08003570   0x08003570   0x00000030   Code   RO         1123    i.SysTick_Handler   main.o
    0x080035a0   0x080035a0   0x00000064   Code   RO            8    i.SystemInit        system_mm32f327x.o
    0x08003604   0x08003604   0x000000a4   Code   RO         2322    i.TCPIP_Init        sys_arch.o
    0x080036a8   0x080036a8   0x0000001c   Code   RO         1957    i.TIM1_UP_IRQHandler  interrupt.o
    0x080036c4   0x080036c4   0x00000008   Code   RO         9602    i.TIM_ClearITPendingBit  hal_tim.o
    0x080036cc   0x080036cc   0x00000016   Code   RO         9631    i.TIM_GetITStatus   hal_tim.o
    0x080036e2   0x080036e2   0x00000002   PAD
    0x080036e4   0x080036e4   0x00000170   Code   RO        10607    i.WriteAppData      boot_api.o
    0x08003854   0x08003854   0x00000048   Code   RO         1885    i.WriteDataByte     gy_cpld.o
    0x0800389c   0x0800389c   0x0000004c   Code   RO         1335    i.Write_Reg_8688    ad8688.o
    0x080038e8   0x080038e8   0x00000020   Code   RO        10911    i.__0printf$6       mc_w.l(printf6.o)
    0x08003908   0x08003908   0x00000008   Code   RO        11102    i.__aeabi_errno_addr  mc_w.l(errno.o)
    0x08003910   0x08003910   0x0000000e   Code   RO        11132    i.__scatterload_copy  mc_w.l(handlers.o)
    0x0800391e   0x0800391e   0x00000002   Code   RO        11133    i.__scatterload_null  mc_w.l(handlers.o)
    0x08003920   0x08003920   0x0000000e   Code   RO        11134    i.__scatterload_zeroinit  mc_w.l(handlers.o)
    0x0800392e   0x0800392e   0x00000002   PAD
    0x08003930   0x08003930   0x000002f0   Code   RO        10918    i._printf_core      mc_w.l(printf6.o)
    0x08003c20   0x08003c20   0x00000024   Code   RO        10919    i._printf_post_padding  mc_w.l(printf6.o)
    0x08003c44   0x08003c44   0x0000002e   Code   RO        10920    i._printf_pre_padding  mc_w.l(printf6.o)
    0x08003c72   0x08003c72   0x00000002   PAD
    0x08003c74   0x08003c74   0x00000140   Code   RO         5613    i.accept_function   api_msg.o
    0x08003db4   0x08003db4   0x000000bc   Code   RO         5971    i.alloc_socket      sockets.o
    0x08003e70   0x08003e70   0x00000018   Code   RO        10608    i.delay_100us       boot_api.o
    0x08003e88   0x08003e88   0x00000058   Code   RO         2839    i.do_memp_free_pool  memp.o
    0x08003ee0   0x08003ee0   0x00000068   Code   RO         2840    i.do_memp_malloc_pool  memp.o
    0x08003f48   0x08003f48   0x00000184   Code   RO         5614    i.err_tcp           api_msg.o
    0x080040cc   0x080040cc   0x00000020   Code   RO         5809    i.err_to_errno      err.o
    0x080040ec   0x080040ec   0x00000038   Code   RO         4135    i.etharp_cleanup_netif  etharp.o
    0x08004124   0x08004124   0x00000290   Code   RO         4137    i.etharp_find_entry  etharp.o
    0x080043b4   0x080043b4   0x00000078   Code   RO         4138    i.etharp_free_entry  etharp.o
    0x0800442c   0x0800442c   0x000000ec   Code   RO         4140    i.etharp_input      etharp.o
    0x08004518   0x08004518   0x000001a8   Code   RO         4141    i.etharp_output     etharp.o
    0x080046c0   0x080046c0   0x00000100   Code   RO         4142    i.etharp_output_to_arp_index  etharp.o
    0x080047c0   0x080047c0   0x0000023c   Code   RO         4143    i.etharp_query      etharp.o
    0x080049fc   0x080049fc   0x00000118   Code   RO         4144    i.etharp_raw        etharp.o
    0x08004b14   0x08004b14   0x0000001c   Code   RO         4145    i.etharp_request    etharp.o
    0x08004b30   0x08004b30   0x0000002c   Code   RO         4146    i.etharp_request_dst  etharp.o
    0x08004b5c   0x08004b5c   0x000000e4   Code   RO         4147    i.etharp_tmr        etharp.o
    0x08004c40   0x08004c40   0x00000100   Code   RO         4148    i.etharp_update_arp_entry  etharp.o
    0x08004d40   0x08004d40   0x000000d8   Code   RO         4493    i.ethernet_input    ethernet.o
    0x08004e18   0x08004e18   0x000000a4   Code   RO         4494    i.ethernet_output   ethernet.o
    0x08004ebc   0x08004ebc   0x00000074   Code   RO         2245    i.ethernetif_init   ethernetif.o
    0x08004f30   0x08004f30   0x00000064   Code   RO         2246    i.ethernetif_input  ethernetif.o
    0x08004f94   0x08004f94   0x00000110   Code   RO         5972    i.event_callback    sockets.o
    0x080050a4   0x080050a4   0x0000001c   Code   RO         1082    i.fputc             uart.o
    0x080050c0   0x080050c0   0x00000050   Code   RO        11017    i.free              mc_w.l(malloc.o)
    0x08005110   0x08005110   0x00000032   Code   RO         5973    i.free_socket       sockets.o
    0x08005142   0x08005142   0x00000026   Code   RO         5974    i.free_socket_free_elements  sockets.o
    0x08005168   0x08005168   0x00000018   Code   RO         5975    i.free_socket_locked  sockets.o
    0x08005180   0x08005180   0x00000030   Code   RO         5976    i.get_socket        sockets.o
    0x080051b0   0x080051b0   0x0000002c   Code   RO        10655    i.iap_load_app      iap.o
    0x080051dc   0x080051dc   0x00000060   Code   RO        10609    i.iap_write_APP_appbin  boot_api.o
    0x0800523c   0x0800523c   0x00000060   Code   RO        10610    i.iap_write_cache_appbin  boot_api.o
    0x0800529c   0x0800529c   0x00000012   Code   RO         4229    i.icmp_dest_unreach  icmp.o
    0x080052ae   0x080052ae   0x00000002   PAD
    0x080052b0   0x080052b0   0x00000248   Code   RO         4230    i.icmp_input        icmp.o
    0x080054f8   0x080054f8   0x000001ac   Code   RO         4231    i.icmp_send_response  icmp.o
    0x080056a4   0x080056a4   0x00000012   Code   RO         4232    i.icmp_time_exceeded  icmp.o
    0x080056b6   0x080056b6   0x00000014   Code   RO         2600    i.inet_chksum       inet_chksum.o
    0x080056ca   0x080056ca   0x00000056   Code   RO         2601    i.inet_chksum_pbuf  inet_chksum.o
    0x08005720   0x08005720   0x0000004c   Code   RO         2602    i.inet_chksum_pseudo  inet_chksum.o
    0x0800576c   0x0800576c   0x0000008c   Code   RO         2604    i.inet_cksum_pseudo_base  inet_chksum.o
    0x080057f8   0x080057f8   0x0000004e   Code   RO         4328    i.ip4_addr_isbroadcast_u32  ip4_addr.o
    0x08005846   0x08005846   0x00000002   PAD
    0x08005848   0x08005848   0x00000254   Code   RO         4384    i.ip4_frag          ip4_frag.o
    0x08005a9c   0x08005a9c   0x000001ec   Code   RO         4271    i.ip4_input         ip4.o
    0x08005c88   0x08005c88   0x0000003c   Code   RO         4272    i.ip4_input_accept  ip4.o
    0x08005cc4   0x08005cc4   0x00000036   Code   RO         4274    i.ip4_output_if     ip4.o
    0x08005cfa   0x08005cfa   0x00000002   PAD
    0x08005cfc   0x08005cfc   0x000001a0   Code   RO         4275    i.ip4_output_if_src  ip4.o
    0x08005e9c   0x08005e9c   0x000002a4   Code   RO         4385    i.ip4_reass         ip4_frag.o
    0x08006140   0x08006140   0x00000098   Code   RO         4276    i.ip4_route         ip4.o
    0x080061d8   0x080061d8   0x00000024   Code   RO         2606    i.ip_chksum_pseudo  inet_chksum.o
    0x080061fc   0x080061fc   0x0000000a   Code   RO         4386    i.ip_frag_alloc_pbuf_custom_ref  ip4_frag.o
    0x08006206   0x08006206   0x00000002   PAD
    0x08006208   0x08006208   0x0000002c   Code   RO         4387    i.ip_frag_free_pbuf_custom_ref  ip4_frag.o
    0x08006234   0x08006234   0x00000274   Code   RO         4388    i.ip_reass_chain_frag_into_datagram_and_validate  ip4_frag.o
    0x080064a8   0x080064a8   0x00000054   Code   RO         4389    i.ip_reass_dequeue_datagram  ip4_frag.o
    0x080064fc   0x080064fc   0x00000058   Code   RO         4390    i.ip_reass_enqueue_new_datagram  ip4_frag.o
    0x08006554   0x08006554   0x0000015c   Code   RO         4391    i.ip_reass_free_complete_datagram  ip4_frag.o
    0x080066b0   0x080066b0   0x00000088   Code   RO         4392    i.ip_reass_remove_oldest_datagram  ip4_frag.o
    0x08006738   0x08006738   0x0000003c   Code   RO         4393    i.ip_reass_tmr      ip4_frag.o
    0x08006774   0x08006774   0x00000054   Code   RO         4394    i.ipfrag_free_pbuf_custom  ip4_frag.o
    0x080067c8   0x080067c8   0x000000e0   Code   RO         2247    i.low_level_init    ethernetif.o
    0x080068a8   0x080068a8   0x0000010c   Code   RO         2248    i.low_level_input   ethernetif.o
    0x080069b4   0x080069b4   0x000000f0   Code   RO         2249    i.low_level_output  ethernetif.o
    0x08006aa4   0x08006aa4   0x0000020c   Code   RO         5977    i.lwip_accept       sockets.o
    0x08006cb0   0x08006cb0   0x000000e0   Code   RO         5978    i.lwip_bind         sockets.o
    0x08006d90   0x08006d90   0x000000a0   Code   RO         5979    i.lwip_close        sockets.o
    0x08006e30   0x08006e30   0x00000050   Code   RO         3916    i.lwip_cyclic_timer  timeouts.o
    0x08006e80   0x08006e80   0x0000001a   Code   RO         2552    i.lwip_htonl        def.o
    0x08006e9a   0x08006e9a   0x0000000c   Code   RO         2553    i.lwip_htons        def.o
    0x08006ea6   0x08006ea6   0x00000002   PAD
    0x08006ea8   0x08006ea8   0x00000040   Code   RO         2674    i.lwip_init         init.o
    0x08006ee8   0x08006ee8   0x00000098   Code   RO         5991    i.lwip_listen       sockets.o
    0x08006f80   0x08006f80   0x0000004c   Code   RO         5615    i.lwip_netconn_do_bind  api_msg.o
    0x08006fcc   0x08006fcc   0x000000e8   Code   RO         5617    i.lwip_netconn_do_close  api_msg.o
    0x080070b4   0x080070b4   0x000002c4   Code   RO         5618    i.lwip_netconn_do_close_internal  api_msg.o
    0x08007378   0x08007378   0x00000198   Code   RO         5621    i.lwip_netconn_do_delconn  api_msg.o
    0x08007510   0x08007510   0x000000d0   Code   RO         5623    i.lwip_netconn_do_getaddr  api_msg.o
    0x080075e0   0x080075e0   0x000000e0   Code   RO         5624    i.lwip_netconn_do_listen  api_msg.o
    0x080076c0   0x080076c0   0x00000018   Code   RO         5625    i.lwip_netconn_do_newconn  api_msg.o
    0x080076d8   0x080076d8   0x00000048   Code   RO         5626    i.lwip_netconn_do_recv  api_msg.o
    0x08007720   0x08007720   0x00000064   Code   RO         5627    i.lwip_netconn_do_send  api_msg.o
    0x08007784   0x08007784   0x000000fc   Code   RO         5628    i.lwip_netconn_do_write  api_msg.o
    0x08007880   0x08007880   0x00000388   Code   RO         5629    i.lwip_netconn_do_writemore  api_msg.o
    0x08007c08   0x08007c08   0x00000054   Code   RO         5630    i.lwip_netconn_err_to_msg  api_msg.o
    0x08007c5c   0x08007c5c   0x0000005c   Code   RO         5631    i.lwip_netconn_is_err_msg  api_msg.o
    0x08007cb8   0x08007cb8   0x00000048   Code   RO         5993    i.lwip_poll_should_wake  sockets.o
    0x08007d00   0x08007d00   0x00000022   Code   RO         5997    i.lwip_recv         sockets.o
    0x08007d22   0x08007d22   0x00000002   PAD
    0x08007d24   0x08007d24   0x0000020c   Code   RO         5998    i.lwip_recv_tcp     sockets.o
    0x08007f30   0x08007f30   0x00000050   Code   RO         5999    i.lwip_recv_tcp_from  sockets.o
    0x08007f80   0x08007f80   0x00000110   Code   RO         6000    i.lwip_recvfrom     sockets.o
    0x08008090   0x08008090   0x0000016c   Code   RO         6001    i.lwip_recvfrom_udp_raw  sockets.o
    0x080081fc   0x080081fc   0x000000a8   Code   RO         6005    i.lwip_send         sockets.o
    0x080082a4   0x080082a4   0x00000148   Code   RO         6007    i.lwip_sendto       sockets.o
    0x080083ec   0x080083ec   0x00000080   Code   RO         6008    i.lwip_setsockopt   sockets.o
    0x0800846c   0x0800846c   0x000002fc   Code   RO         6009    i.lwip_setsockopt_impl  sockets.o
    0x08008768   0x08008768   0x000000cc   Code   RO         6011    i.lwip_sock_make_addr  sockets.o
    0x08008834   0x08008834   0x000000c0   Code   RO         6012    i.lwip_socket       sockets.o
    0x080088f4   0x080088f4   0x00000044   Code   RO         6016    i.lwip_sockopt_to_ipopt  sockets.o
    0x08008938   0x08008938   0x0000005e   Code   RO         2608    i.lwip_standard_chksum  inet_chksum.o
    0x08008996   0x08008996   0x00000016   Code   RO         6018    i.lwip_write        sockets.o
    0x080089ac   0x080089ac   0x000000d8   Code   RO         1124    i.main              main.o
    0x08008a84   0x08008a84   0x000001a4   Code   RO         2768    i.mem_free          mem.o
    0x08008c28   0x08008c28   0x00000094   Code   RO         2769    i.mem_init          mem.o
    0x08008cbc   0x08008cbc   0x00000058   Code   RO         2770    i.mem_link_valid    mem.o
    0x08008d14   0x08008d14   0x00000240   Code   RO         2771    i.mem_malloc        mem.o
    0x08008f54   0x08008f54   0x00000010   Code   RO         2772    i.mem_to_ptr        mem.o
    0x08008f64   0x08008f64   0x000001dc   Code   RO         2773    i.mem_trim          mem.o
    0x08009140   0x08009140   0x00000050   Code   RO         2841    i.memp_free         memp.o
    0x08009190   0x08009190   0x00000020   Code   RO         2843    i.memp_init         memp.o
    0x080091b0   0x080091b0   0x0000002c   Code   RO         2844    i.memp_init_pool    memp.o
    0x080091dc   0x080091dc   0x00000050   Code   RO         2845    i.memp_malloc       memp.o
    0x0800922c   0x0800922c   0x00000020   Code   RO         5893    i.netbuf_delete     netbuf.o
    0x0800924c   0x0800924c   0x00000048   Code   RO         5895    i.netbuf_free       netbuf.o
    0x08009294   0x08009294   0x0000006c   Code   RO         5898    i.netbuf_ref        netbuf.o
    0x08009300   0x08009300   0x000000fc   Code   RO         5409    i.netconn_accept    api_lib.o
    0x080093fc   0x080093fc   0x000000c0   Code   RO         5632    i.netconn_alloc     api_msg.o
    0x080094bc   0x080094bc   0x00000026   Code   RO         5410    i.netconn_apimsg    api_lib.o
    0x080094e2   0x080094e2   0x00000002   PAD
    0x080094e4   0x080094e4   0x00000060   Code   RO         5411    i.netconn_bind      api_lib.o
    0x08009544   0x08009544   0x0000005c   Code   RO         5414    i.netconn_close_shutdown  api_lib.o
    0x080095a0   0x080095a0   0x0000001e   Code   RO         5416    i.netconn_delete    api_lib.o
    0x080095be   0x080095be   0x000000aa   Code   RO         5633    i.netconn_drain     api_msg.o
    0x08009668   0x08009668   0x00000022   Code   RO         5418    i.netconn_err       api_lib.o
    0x0800968a   0x0800968a   0x00000002   PAD
    0x0800968c   0x0800968c   0x00000108   Code   RO         5634    i.netconn_free      api_msg.o
    0x08009794   0x08009794   0x000000d0   Code   RO         5419    i.netconn_getaddr   api_lib.o
    0x08009864   0x08009864   0x00000054   Code   RO         5420    i.netconn_listen_with_backlog  api_lib.o
    0x080098b8   0x080098b8   0x00000130   Code   RO         5421    i.netconn_new_with_proto_and_callback  api_lib.o
    0x080099e8   0x080099e8   0x00000030   Code   RO         5422    i.netconn_prepare_delete  api_lib.o
    0x08009a18   0x08009a18   0x00000164   Code   RO         5424    i.netconn_recv_data  api_lib.o
    0x08009b7c   0x08009b7c   0x000000bc   Code   RO         5425    i.netconn_recv_data_tcp  api_lib.o
    0x08009c38   0x08009c38   0x00000058   Code   RO         5427    i.netconn_recv_tcp_pbuf_flags  api_lib.o
    0x08009c90   0x08009c90   0x00000060   Code   RO         5429    i.netconn_recv_udp_raw_netbuf_flags  api_lib.o
    0x08009cf0   0x08009cf0   0x00000058   Code   RO         5430    i.netconn_send      api_lib.o
    0x08009d48   0x08009d48   0x00000060   Code   RO         5433    i.netconn_tcp_recvd  api_lib.o
    0x08009da8   0x08009da8   0x00000060   Code   RO         5434    i.netconn_tcp_recvd_msg  api_lib.o
    0x08009e08   0x08009e08   0x00000028   Code   RO         5435    i.netconn_write_partly  api_lib.o
    0x08009e30   0x08009e30   0x00000168   Code   RO         5436    i.netconn_write_vectors_partly  api_lib.o
    0x08009f98   0x08009f98   0x000001d0   Code   RO         2942    i.netif_add         netif.o
    0x0800a168   0x0800a168   0x00000018   Code   RO         2944    i.netif_do_ip_addr_changed  netif.o
    0x0800a180   0x0800a180   0x0000002a   Code   RO         2945    i.netif_do_set_gw   netif.o
    0x0800a1aa   0x0800a1aa   0x00000002   PAD
    0x0800a1ac   0x0800a1ac   0x00000078   Code   RO         2946    i.netif_do_set_ipaddr  netif.o
    0x0800a224   0x0800a224   0x0000002a   Code   RO         2947    i.netif_do_set_netmask  netif.o
    0x0800a24e   0x0800a24e   0x00000002   PAD
    0x0800a250   0x0800a250   0x00000050   Code   RO         2948    i.netif_find        netif.o
    0x0800a2a0   0x0800a2a0   0x00000028   Code   RO         2949    i.netif_get_by_index  netif.o
    0x0800a2c8   0x0800a2c8   0x00000002   Code   RO         2951    i.netif_init        netif.o
    0x0800a2ca   0x0800a2ca   0x00000002   PAD
    0x0800a2cc   0x0800a2cc   0x00000070   Code   RO         2953    i.netif_issue_reports  netif.o
    0x0800a33c   0x0800a33c   0x00000008   Code   RO         2955    i.netif_null_output_ip4  netif.o
    0x0800a344   0x0800a344   0x00000060   Code   RO         2957    i.netif_set_addr    netif.o
    0x0800a3a4   0x0800a3a4   0x00000010   Code   RO         2958    i.netif_set_default  netif.o
    0x0800a3b4   0x0800a3b4   0x00000064   Code   RO         2959    i.netif_set_down    netif.o
    0x0800a418   0x0800a418   0x00000058   Code   RO         2965    i.netif_set_up      netif.o
    0x0800a470   0x0800a470   0x00000012   Code   RO         3121    i.pbuf_add_header   pbuf.o
    0x0800a482   0x0800a482   0x00000002   PAD
    0x0800a484   0x0800a484   0x00000090   Code   RO         3123    i.pbuf_add_header_impl  pbuf.o
    0x0800a514   0x0800a514   0x0000022c   Code   RO         3124    i.pbuf_alloc        pbuf.o
    0x0800a740   0x0800a740   0x00000060   Code   RO         3125    i.pbuf_alloc_reference  pbuf.o
    0x0800a7a0   0x0800a7a0   0x0000005a   Code   RO         3126    i.pbuf_alloced_custom  pbuf.o
    0x0800a7fa   0x0800a7fa   0x00000002   PAD
    0x0800a7fc   0x0800a7fc   0x000000dc   Code   RO         3127    i.pbuf_cat          pbuf.o
    0x0800a8d8   0x0800a8d8   0x0000001a   Code   RO         3128    i.pbuf_chain        pbuf.o
    0x0800a8f2   0x0800a8f2   0x00000012   Code   RO         3129    i.pbuf_clen         pbuf.o
    0x0800a904   0x0800a904   0x00000050   Code   RO         3130    i.pbuf_clone        pbuf.o
    0x0800a954   0x0800a954   0x000001a4   Code   RO         3132    i.pbuf_copy         pbuf.o
    0x0800aaf8   0x0800aaf8   0x000000d8   Code   RO         3133    i.pbuf_copy_partial  pbuf.o
    0x0800abd0   0x0800abd0   0x00000138   Code   RO         3135    i.pbuf_free         pbuf.o
    0x0800ad08   0x0800ad08   0x00000040   Code   RO         3136    i.pbuf_free_header  pbuf.o
    0x0800ad48   0x0800ad48   0x00000012   Code   RO         3140    i.pbuf_header_force  pbuf.o
    0x0800ad5a   0x0800ad5a   0x00000022   Code   RO         3141    i.pbuf_header_impl  pbuf.o
    0x0800ad7c   0x0800ad7c   0x0000001e   Code   RO         3142    i.pbuf_init_alloced_pbuf  pbuf.o
    0x0800ad9a   0x0800ad9a   0x00000002   PAD
    0x0800ad9c   0x0800ad9c   0x000000f0   Code   RO         3146    i.pbuf_realloc      pbuf.o
    0x0800ae8c   0x0800ae8c   0x00000048   Code   RO         3147    i.pbuf_ref          pbuf.o
    0x0800aed4   0x0800aed4   0x00000090   Code   RO         3148    i.pbuf_remove_header  pbuf.o
    0x0800af64   0x0800af64   0x000000a8   Code   RO         5635    i.pcb_new           api_msg.o
    0x0800b00c   0x0800b00c   0x00000160   Code   RO         2774    i.plug_holes        mem.o
    0x0800b16c   0x0800b16c   0x000000a0   Code   RO         5636    i.poll_tcp          api_msg.o
    0x0800b20c   0x0800b20c   0x00000098   Code   RO         4927    i.prvAddCurrentTaskToDelayedList  tasks.o
    0x0800b2a4   0x0800b2a4   0x000000b4   Code   RO         4928    i.prvAddNewTaskToReadyList  tasks.o
    0x0800b358   0x0800b358   0x00000064   Code   RO         4929    i.prvCheckTasksWaitingTermination  tasks.o
    0x0800b3bc   0x0800b3bc   0x0000002a   Code   RO         4741    i.prvCopyDataFromQueue  queue.o
    0x0800b3e6   0x0800b3e6   0x0000007c   Code   RO         4742    i.prvCopyDataToQueue  queue.o
    0x0800b462   0x0800b462   0x00000012   Code   RO         4930    i.prvDeleteTCB      tasks.o
    0x0800b474   0x0800b474   0x0000007c   Code   RO         5348    i.prvHeapInit       heap_4.o
    0x0800b4f0   0x0800b4f0   0x00000028   Code   RO         4931    i.prvIdleTask       tasks.o
    0x0800b518   0x0800b518   0x0000001c   Code   RO         4743    i.prvInitialiseMutex  queue.o
    0x0800b534   0x0800b534   0x00000026   Code   RO         4744    i.prvInitialiseNewQueue  queue.o
    0x0800b55a   0x0800b55a   0x00000086   Code   RO         4932    i.prvInitialiseNewTask  tasks.o
    0x0800b5e0   0x0800b5e0   0x00000068   Code   RO         4933    i.prvInitialiseTaskLists  tasks.o
    0x0800b648   0x0800b648   0x00000068   Code   RO         5349    i.prvInsertBlockIntoFreeList  heap_4.o
    0x0800b6b0   0x0800b6b0   0x0000001a   Code   RO         4745    i.prvIsQueueEmpty   queue.o
    0x0800b6ca   0x0800b6ca   0x0000001e   Code   RO         4746    i.prvIsQueueFull    queue.o
    0x0800b6e8   0x0800b6e8   0x00000034   Code   RO         4934    i.prvResetNextTaskUnblockTime  tasks.o
    0x0800b71c   0x0800b71c   0x00000016   Code   RO         5266    i.prvTaskExitError  port.o
    0x0800b732   0x0800b732   0x0000007e   Code   RO         4747    i.prvUnlockQueue    queue.o
    0x0800b7b0   0x0800b7b0   0x00000010   Code   RO         2775    i.ptr_to_mem        mem.o
    0x0800b7c0   0x0800b7c0   0x000000d0   Code   RO         5350    i.pvPortMalloc      heap_4.o
    0x0800b890   0x0800b890   0x00000020   Code   RO         4936    i.pvTaskIncrementMutexHeldCount  tasks.o
    0x0800b8b0   0x0800b8b0   0x00000024   Code   RO         5267    i.pxPortInitialiseStack  port.o
    0x0800b8d4   0x0800b8d4   0x00000134   Code   RO         5637    i.recv_tcp          api_msg.o
    0x0800ba08   0x0800ba08   0x00000120   Code   RO         5638    i.recv_udp          api_msg.o
    0x0800bb28   0x0800bb28   0x00000108   Code   RO         6020    i.select_check_waiters  sockets.o
    0x0800bc30   0x0800bc30   0x00000088   Code   RO         5639    i.sent_tcp          api_msg.o
    0x0800bcb8   0x0800bcb8   0x00000044   Code   RO         5640    i.setup_tcp         api_msg.o
    0x0800bcfc   0x0800bcfc   0x0000004a   Code   RO         2323    i.sys_arch_mbox_fetch  sys_arch.o
    0x0800bd46   0x0800bd46   0x00000024   Code   RO         2324    i.sys_arch_mbox_tryfetch  sys_arch.o
    0x0800bd6a   0x0800bd6a   0x0000000a   Code   RO         2325    i.sys_arch_protect  sys_arch.o
    0x0800bd74   0x0800bd74   0x00000048   Code   RO         2326    i.sys_arch_sem_wait  sys_arch.o
    0x0800bdbc   0x0800bdbc   0x0000000a   Code   RO         2328    i.sys_arch_unprotect  sys_arch.o
    0x0800bdc6   0x0800bdc6   0x00000002   PAD
    0x0800bdc8   0x0800bdc8   0x00000054   Code   RO         3917    i.sys_check_timeouts  timeouts.o
    0x0800be1c   0x0800be1c   0x0000002c   Code   RO         2329    i.sys_init          sys_arch.o
    0x0800be48   0x0800be48   0x00000012   Code   RO         2331    i.sys_mbox_free     sys_arch.o
    0x0800be5a   0x0800be5a   0x00000020   Code   RO         2332    i.sys_mbox_new      sys_arch.o
    0x0800be7a   0x0800be7a   0x00000006   Code   RO         2334    i.sys_mbox_set_invalid  sys_arch.o
    0x0800be80   0x0800be80   0x0000001e   Code   RO         2335    i.sys_mbox_trypost  sys_arch.o
    0x0800be9e   0x0800be9e   0x0000000e   Code   RO         2337    i.sys_mbox_valid    sys_arch.o
    0x0800beac   0x0800beac   0x00000012   Code   RO         2339    i.sys_mutex_lock    sys_arch.o
    0x0800bebe   0x0800bebe   0x0000001a   Code   RO         2340    i.sys_mutex_new     sys_arch.o
    0x0800bed8   0x0800bed8   0x00000012   Code   RO         2342    i.sys_mutex_unlock  sys_arch.o
    0x0800beea   0x0800beea   0x00000002   PAD
    0x0800beec   0x0800beec   0x00000014   Code   RO         2343    i.sys_now           sys_arch.o
    0x0800bf00   0x0800bf00   0x00000010   Code   RO         2344    i.sys_sem_free      sys_arch.o
    0x0800bf10   0x0800bf10   0x0000003a   Code   RO         2345    i.sys_sem_new       sys_arch.o
    0x0800bf4a   0x0800bf4a   0x00000006   Code   RO         2346    i.sys_sem_set_invalid  sys_arch.o
    0x0800bf50   0x0800bf50   0x00000012   Code   RO         2347    i.sys_sem_signal    sys_arch.o
    0x0800bf62   0x0800bf62   0x0000000e   Code   RO         2348    i.sys_sem_valid     sys_arch.o
    0x0800bf70   0x0800bf70   0x0000003c   Code   RO         2349    i.sys_thread_new    sys_arch.o
    0x0800bfac   0x0800bfac   0x0000006c   Code   RO         3919    i.sys_timeout       timeouts.o
    0x0800c018   0x0800c018   0x000000dc   Code   RO         3920    i.sys_timeout_abs   timeouts.o
    0x0800c0f4   0x0800c0f4   0x00000028   Code   RO         3921    i.sys_timeouts_init  timeouts.o
    0x0800c11c   0x0800c11c   0x00000068   Code   RO         3922    i.sys_timeouts_sleeptime  timeouts.o
    0x0800c184   0x0800c184   0x00000164   Code   RO         3376    i.tcp_abandon       tcp.o
    0x0800c2e8   0x0800c2e8   0x0000000e   Code   RO         3377    i.tcp_abort         tcp.o
    0x0800c2f6   0x0800c2f6   0x00000010   Code   RO         3378    i.tcp_accept        tcp.o
    0x0800c306   0x0800c306   0x00000002   PAD
    0x0800c308   0x0800c308   0x00000044   Code   RO         3379    i.tcp_accept_null   tcp.o
    0x0800c34c   0x0800c34c   0x000000d0   Code   RO         3380    i.tcp_alloc         tcp.o
    0x0800c41c   0x0800c41c   0x00000006   Code   RO         3381    i.tcp_arg           tcp.o
    0x0800c422   0x0800c422   0x00000002   PAD
    0x0800c424   0x0800c424   0x00000108   Code   RO         3382    i.tcp_bind          tcp.o
    0x0800c52c   0x0800c52c   0x00000012   Code   RO         3383    i.tcp_bind_netif    tcp.o
    0x0800c53e   0x0800c53e   0x00000002   PAD
    0x0800c540   0x0800c540   0x00000054   Code   RO         3384    i.tcp_close         tcp.o
    0x0800c594   0x0800c594   0x000001a0   Code   RO         3385    i.tcp_close_shutdown  tcp.o
    0x0800c734   0x0800c734   0x00000088   Code   RO         3386    i.tcp_close_shutdown_fin  tcp.o
    0x0800c7bc   0x0800c7bc   0x00000170   Code   RO         3765    i.tcp_create_segment  tcp_out.o
    0x0800c92c   0x0800c92c   0x00000070   Code   RO         3389    i.tcp_eff_send_mss_netif  tcp.o
    0x0800c99c   0x0800c99c   0x00000240   Code   RO         3766    i.tcp_enqueue_flags  tcp_out.o
    0x0800cbdc   0x0800cbdc   0x0000004c   Code   RO         3390    i.tcp_err           tcp.o
    0x0800cc28   0x0800cc28   0x000000a4   Code   RO         3391    i.tcp_fasttmr       tcp.o
    0x0800cccc   0x0800cccc   0x00000038   Code   RO         3392    i.tcp_free          tcp.o
    0x0800cd04   0x0800cd04   0x000000fc   Code   RO         3693    i.tcp_free_acked_segments  tcp_in.o
    0x0800ce00   0x0800ce00   0x00000040   Code   RO         3393    i.tcp_free_listen   tcp.o
    0x0800ce40   0x0800ce40   0x00000048   Code   RO         3694    i.tcp_get_next_optbyte  tcp_in.o
    0x0800ce88   0x0800ce88   0x00000038   Code   RO         3394    i.tcp_handle_closepend  tcp.o
    0x0800cec0   0x0800cec0   0x00000002   Code   RO         3395    i.tcp_init          tcp.o
    0x0800cec2   0x0800cec2   0x00000002   PAD
    0x0800cec4   0x0800cec4   0x000007b4   Code   RO         3695    i.tcp_input         tcp_in.o
    0x0800d678   0x0800d678   0x00000084   Code   RO         3696    i.tcp_input_delayed_close  tcp_in.o
    0x0800d6fc   0x0800d6fc   0x0000008c   Code   RO         3767    i.tcp_keepalive     tcp_out.o
    0x0800d788   0x0800d788   0x0000006c   Code   RO         3396    i.tcp_kill_prio     tcp.o
    0x0800d7f4   0x0800d7f4   0x00000074   Code   RO         3397    i.tcp_kill_state    tcp.o
    0x0800d868   0x0800d868   0x00000040   Code   RO         3398    i.tcp_kill_timewait  tcp.o
    0x0800d8a8   0x0800d8a8   0x0000006c   Code   RO         3399    i.tcp_listen_closed  tcp.o
    0x0800d914   0x0800d914   0x00000198   Code   RO         3697    i.tcp_listen_input  tcp_in.o
    0x0800daac   0x0800daac   0x00000158   Code   RO         3401    i.tcp_listen_with_backlog_and_err  tcp.o
    0x0800dc04   0x0800dc04   0x0000004c   Code   RO         3402    i.tcp_netif_ip_addr_changed  tcp.o
    0x0800dc50   0x0800dc50   0x00000074   Code   RO         3403    i.tcp_netif_ip_addr_changed_pcblist  tcp.o
    0x0800dcc4   0x0800dcc4   0x00000010   Code   RO         3405    i.tcp_new_ip_type   tcp.o
    0x0800dcd4   0x0800dcd4   0x00000068   Code   RO         3406    i.tcp_new_port      tcp.o
    0x0800dd3c   0x0800dd3c   0x0000004c   Code   RO         3407    i.tcp_next_iss      tcp.o
    0x0800dd88   0x0800dd88   0x00000300   Code   RO         3768    i.tcp_output        tcp_out.o
    0x0800e088   0x0800e088   0x00000074   Code   RO         3769    i.tcp_output_alloc_header  tcp_out.o
    0x0800e0fc   0x0800e0fc   0x000000c0   Code   RO         3770    i.tcp_output_alloc_header_common  tcp_out.o
    0x0800e1bc   0x0800e1bc   0x000000ac   Code   RO         3771    i.tcp_output_control_segment  tcp_out.o
    0x0800e268   0x0800e268   0x000000b8   Code   RO         3772    i.tcp_output_fill_options  tcp_out.o
    0x0800e320   0x0800e320   0x000001ec   Code   RO         3773    i.tcp_output_segment  tcp_out.o
    0x0800e50c   0x0800e50c   0x0000004c   Code   RO         3774    i.tcp_output_segment_busy  tcp_out.o
    0x0800e558   0x0800e558   0x000000e4   Code   RO         3698    i.tcp_parseopt      tcp_in.o
    0x0800e63c   0x0800e63c   0x00000104   Code   RO         3775    i.tcp_pbuf_prealloc  tcp_out.o
    0x0800e740   0x0800e740   0x00000088   Code   RO         3408    i.tcp_pcb_purge     tcp.o
    0x0800e7c8   0x0800e7c8   0x00000128   Code   RO         3409    i.tcp_pcb_remove    tcp.o
    0x0800e8f0   0x0800e8f0   0x00000070   Code   RO         3410    i.tcp_poll          tcp.o
    0x0800e960   0x0800e960   0x000006d4   Code   RO         3699    i.tcp_process       tcp_in.o
    0x0800f034   0x0800f034   0x000000dc   Code   RO         3411    i.tcp_process_refused_data  tcp.o
    0x0800f110   0x0800f110   0x0000074c   Code   RO         3700    i.tcp_receive       tcp_in.o
    0x0800f85c   0x0800f85c   0x0000004c   Code   RO         3412    i.tcp_recv          tcp.o
    0x0800f8a8   0x0800f8a8   0x00000060   Code   RO         3413    i.tcp_recv_null     tcp.o
    0x0800f908   0x0800f908   0x000000b8   Code   RO         3414    i.tcp_recved        tcp.o
    0x0800f9c0   0x0800f9c0   0x00000054   Code   RO         3415    i.tcp_remove_listener  tcp.o
    0x0800fa14   0x0800fa14   0x000000a0   Code   RO         3776    i.tcp_rexmit        tcp_out.o
    0x0800fab4   0x0800fab4   0x000000ac   Code   RO         3777    i.tcp_rexmit_fast   tcp_out.o
    0x0800fb60   0x0800fb60   0x00000040   Code   RO         3778    i.tcp_rexmit_rto    tcp_out.o
    0x0800fba0   0x0800fba0   0x00000054   Code   RO         3779    i.tcp_rexmit_rto_commit  tcp_out.o
    0x0800fbf4   0x0800fbf4   0x000000c4   Code   RO         3780    i.tcp_rexmit_rto_prepare  tcp_out.o
    0x0800fcb8   0x0800fcb8   0x0000001e   Code   RO         3781    i.tcp_route         tcp_out.o
    0x0800fcd6   0x0800fcd6   0x00000002   PAD
    0x0800fcd8   0x0800fcd8   0x000000c0   Code   RO         3782    i.tcp_rst           tcp_out.o
    0x0800fd98   0x0800fd98   0x0000001a   Code   RO         3416    i.tcp_seg_free      tcp.o
    0x0800fdb2   0x0800fdb2   0x00000018   Code   RO         3417    i.tcp_segs_free     tcp.o
    0x0800fdca   0x0800fdca   0x00000002   PAD
    0x0800fdcc   0x0800fdcc   0x000000e0   Code   RO         3783    i.tcp_send_empty_ack  tcp_out.o
    0x0800feac   0x0800feac   0x0000007c   Code   RO         3784    i.tcp_send_fin      tcp_out.o
    0x0800ff28   0x0800ff28   0x00000048   Code   RO         3418    i.tcp_sent          tcp.o
    0x0800ff70   0x0800ff70   0x00000098   Code   RO         3420    i.tcp_shutdown      tcp.o
    0x08010008   0x08010008   0x00000688   Code   RO         3421    i.tcp_slowtmr       tcp.o
    0x08010690   0x08010690   0x0000025c   Code   RO         3785    i.tcp_split_unsent_seg  tcp_out.o
    0x080108ec   0x080108ec   0x00000038   Code   RO         3924    i.tcp_timer_needed  timeouts.o
    0x08010924   0x08010924   0x000000dc   Code   RO         3701    i.tcp_timewait_input  tcp_in.o
    0x08010a00   0x08010a00   0x00000024   Code   RO         3423    i.tcp_tmr           tcp.o
    0x08010a24   0x08010a24   0x00000014   Code   RO         3702    i.tcp_trigger_input_pcb_close  tcp_in.o
    0x08010a38   0x08010a38   0x000000b0   Code   RO         3425    i.tcp_update_rcv_ann_wnd  tcp.o
    0x08010ae8   0x08010ae8   0x00000814   Code   RO         3786    i.tcp_write         tcp_out.o
    0x080112fc   0x080112fc   0x00000144   Code   RO         3787    i.tcp_write_checks  tcp_out.o
    0x08011440   0x08011440   0x00000120   Code   RO         3788    i.tcp_zero_window_probe  tcp_out.o
    0x08011560   0x08011560   0x00000028   Code   RO          316    i.tcpecho_init      tcpecho.o
    0x08011588   0x08011588   0x00000258   Code   RO          317    i.tcpecho_thread    tcpecho.o
    0x080117e0   0x080117e0   0x000000b8   Code   RO         6314    i.tcpip_init        tcpip.o
    0x08011898   0x08011898   0x0000006c   Code   RO         6315    i.tcpip_inpkt       tcpip.o
    0x08011904   0x08011904   0x00000030   Code   RO         6316    i.tcpip_input       tcpip.o
    0x08011934   0x08011934   0x00000020   Code   RO         6317    i.tcpip_send_msg_wait_sem  tcpip.o
    0x08011954   0x08011954   0x00000038   Code   RO         3925    i.tcpip_tcp_timer   timeouts.o
    0x0801198c   0x0801198c   0x00000074   Code   RO         6318    i.tcpip_thread      tcpip.o
    0x08011a00   0x08011a00   0x00000088   Code   RO         6319    i.tcpip_thread_handle_msg  tcpip.o
    0x08011a88   0x08011a88   0x00000060   Code   RO         6320    i.tcpip_timeouts_mbox_fetch  tcpip.o
    0x08011ae8   0x08011ae8   0x0000001a   Code   RO         6021    i.tryget_socket     sockets.o
    0x08011b02   0x08011b02   0x00000010   Code   RO         6022    i.tryget_socket_unconn  sockets.o
    0x08011b12   0x08011b12   0x00000002   PAD
    0x08011b14   0x08011b14   0x00000020   Code   RO         6024    i.tryget_socket_unconn_nouse  sockets.o
    0x08011b34   0x08011b34   0x000000e4   Code   RO         4001    i.udp_bind          udp.o
    0x08011c18   0x08011c18   0x00000012   Code   RO         4002    i.udp_bind_netif    udp.o
    0x08011c2a   0x08011c2a   0x00000002   Code   RO         4005    i.udp_init          udp.o
    0x08011c2c   0x08011c2c   0x0000023c   Code   RO         4006    i.udp_input         udp.o
    0x08011e68   0x08011e68   0x000000d0   Code   RO         4007    i.udp_input_local_match  udp.o
    0x08011f38   0x08011f38   0x00000030   Code   RO         4008    i.udp_netif_ip_addr_changed  udp.o
    0x08011f68   0x08011f68   0x0000001c   Code   RO         4009    i.udp_new           udp.o
    0x08011f84   0x08011f84   0x0000000e   Code   RO         4010    i.udp_new_ip_type   udp.o
    0x08011f92   0x08011f92   0x00000002   PAD
    0x08011f94   0x08011f94   0x00000058   Code   RO         4011    i.udp_new_port      udp.o
    0x08011fec   0x08011fec   0x0000003c   Code   RO         4012    i.udp_recv          udp.o
    0x08012028   0x08012028   0x00000070   Code   RO         4013    i.udp_remove        udp.o
    0x08012098   0x08012098   0x00000070   Code   RO         4014    i.udp_send          udp.o
    0x08012108   0x08012108   0x000000e0   Code   RO         4015    i.udp_sendto        udp.o
    0x080121e8   0x080121e8   0x0000011c   Code   RO         4016    i.udp_sendto_if     udp.o
    0x08012304   0x08012304   0x00000274   Code   RO         4017    i.udp_sendto_if_src  udp.o
    0x08012578   0x08012578   0x00000028   Code   RO         4692    i.uxListRemove      list.o
    0x080125a0   0x080125a0   0x00000012   Code   RO         4748    i.uxQueueMessagesWaiting  queue.o
    0x080125b2   0x080125b2   0x0000001a   Code   RO         4693    i.vListInitialise   list.o
    0x080125cc   0x080125cc   0x00000006   Code   RO         4694    i.vListInitialiseItem  list.o
    0x080125d2   0x080125d2   0x00000034   Code   RO         4695    i.vListInsert       list.o
    0x08012606   0x08012606   0x00000018   Code   RO         4696    i.vListInsertEnd    list.o
    0x0801261e   0x0801261e   0x00000002   PAD
    0x08012620   0x08012620   0x00000024   Code   RO         5269    i.vPortEnterCritical  port.o
    0x08012644   0x08012644   0x00000020   Code   RO         5270    i.vPortExitCritical  port.o
    0x08012664   0x08012664   0x00000048   Code   RO         5351    i.vPortFree         heap_4.o
    0x080126ac   0x080126ac   0x00000020   Code   RO         5271    i.vPortSetupTimerInterrupt  port.o
    0x080126cc   0x080126cc   0x00000014   Code   RO         4752    i.vQueueDelete      queue.o
    0x080126e0   0x080126e0   0x00000030   Code   RO         4753    i.vQueueUnregisterQueue  queue.o
    0x08012710   0x08012710   0x000000cc   Code   RO         4944    i.vTaskDelete       tasks.o
    0x080127dc   0x080127dc   0x0000000c   Code   RO         4946    i.vTaskMissedYield  tasks.o
    0x080127e8   0x080127e8   0x00000020   Code   RO         4948    i.vTaskPlaceOnEventList  tasks.o
    0x08012808   0x08012808   0x000000b0   Code   RO         4950    i.vTaskPriorityInherit  tasks.o
    0x080128b8   0x080128b8   0x00000018   Code   RO         4953    i.vTaskSetTimeOutState  tasks.o
    0x080128d0   0x080128d0   0x00000064   Code   RO         4954    i.vTaskStartScheduler  tasks.o
    0x08012934   0x08012934   0x00000010   Code   RO         4956    i.vTaskSuspendAll   tasks.o
    0x08012944   0x08012944   0x00000060   Code   RO         4957    i.vTaskSwitchContext  tasks.o
    0x080129a4   0x080129a4   0x00000034   Code   RO         5272    i.xPortStartScheduler  port.o
    0x080129d8   0x080129d8   0x00000034   Code   RO         5273    i.xPortSysTickHandler  port.o
    0x08012a0c   0x08012a0c   0x0000001a   Code   RO         4754    i.xQueueCreateCountingSemaphore  queue.o
    0x08012a26   0x08012a26   0x00000022   Code   RO         4755    i.xQueueCreateMutex  queue.o
    0x08012a48   0x08012a48   0x00000038   Code   RO         4756    i.xQueueGenericCreate  queue.o
    0x08012a80   0x08012a80   0x0000015c   Code   RO         4757    i.xQueueGenericReceive  queue.o
    0x08012bdc   0x08012bdc   0x00000080   Code   RO         4758    i.xQueueGenericReset  queue.o
    0x08012c5c   0x08012c5c   0x00000118   Code   RO         4759    i.xQueueGenericSend  queue.o
    0x08012d74   0x08012d74   0x00000078   Code   RO         4761    i.xQueueGiveFromISR  queue.o
    0x08012dec   0x08012dec   0x0000005c   Code   RO         4958    i.xTaskCheckForTimeOut  tasks.o
    0x08012e48   0x08012e48   0x00000060   Code   RO         4959    i.xTaskCreate       tasks.o
    0x08012ea8   0x08012ea8   0x00000020   Code   RO         4963    i.xTaskGetSchedulerState  tasks.o
    0x08012ec8   0x08012ec8   0x0000000c   Code   RO         4964    i.xTaskGetTickCount  tasks.o
    0x08012ed4   0x08012ed4   0x0000011c   Code   RO         4966    i.xTaskIncrementTick  tasks.o
    0x08012ff0   0x08012ff0   0x00000084   Code   RO         4969    i.xTaskPriorityDisinherit  tasks.o
    0x08013074   0x08013074   0x00000080   Code   RO         4970    i.xTaskRemoveFromEventList  tasks.o
    0x080130f4   0x080130f4   0x000000e8   Code   RO         4972    i.xTaskResumeAll    tasks.o
    0x080131dc   0x080131dc   0x00000018   Data   RO          796    .constdata          rtc.o
    0x080131f4   0x080131f4   0x00000104   Data   RO         2848    .constdata          memp.o
    0x080132f8   0x080132f8   0x00000050   Data   RO         3426    .constdata          tcp.o
    0x08013348   0x08013348   0x0000001c   Data   RO         3926    .constdata          timeouts.o
    0x08013364   0x08013364   0x00000008   Data   RO         4335    .constdata          ip4_addr.o
    0x0801336c   0x0801336c   0x0000000c   Data   RO         4495    .constdata          ethernet.o
    0x08013378   0x08013378   0x00000003   Data   RO         5641    .constdata          api_msg.o
    0x0801337b   0x0801337b   0x00000001   PAD
    0x0801337c   0x0801337c   0x00000044   Data   RO         5811    .constdata          err.o
    0x080133c0   0x080133c0   0x00000081   Data   RO        10713    .constdata          mc_w.l(ctype_o.o)
    0x08013441   0x08013441   0x00000003   PAD
    0x08013444   0x08013444   0x00000004   Data   RO        10714    .constdata          mc_w.l(ctype_o.o)
    0x08013448   0x08013448   0x00000041   Data   RO         2675    .conststring        init.o
    0x08013489   0x08013489   0x00000003   PAD
    0x0801348c   0x0801348c   0x00000098   Data   RO         2849    .conststring        memp.o
    0x08013524   0x08013524   0x0000006d   Data   RO         3427    .conststring        tcp.o
    0x08013591   0x08013591   0x00000003   PAD
    0x08013594   0x08013594   0x00000055   Data   RO         3789    .conststring        tcp_out.o
    0x080135e9   0x080135e9   0x00000003   PAD
    0x080135ec   0x080135ec   0x00000041   Data   RO         4150    .conststring        etharp.o
    0x0801362d   0x0801362d   0x00000003   PAD
    0x08013630   0x08013630   0x00000020   Data   RO        11130    Region$$Table       anon$$obj.o


    Execution Region RW_IRAM1 (Exec base: 0x20000000, Load base: 0x08013650, Size: 0x0001d6f8, Max: 0x00020000, ABSOLUTE, COMPRESSED[0x00000054])

    Exec Addr    Load Addr    Size         Type   Attr      Idx    E Section Name        Object

    0x20000000   COMPRESSED   0x00000014   Data   RW            9    .data               system_mm32f327x.o
    0x20000014   COMPRESSED   0x00000004   Data   RW          176    .data               eth_bsp_config.o
    0x20000018   COMPRESSED   0x00000004   Data   RW          318    .data               tcpecho.o
    0x2000001c   COMPRESSED   0x00000002   Data   RW          797    .data               rtc.o
    0x2000001e   COMPRESSED   0x00000002   PAD
    0x20000020   COMPRESSED   0x00000020   Data   RW         1127    .data               main.o
    0x20000040   COMPRESSED   0x00000002   Data   RW         1337    .data               ad8688.o
    0x20000042   COMPRESSED   0x00000002   Data   RW         1421    .data               age_ctrldrive.o
    0x20000044   COMPRESSED   0x00000010   Data   RW         2250    .data               ethernetif.o
    0x20000054   COMPRESSED   0x00000024   Data   RW         2351    .data               sys_arch.o
    0x20000078   COMPRESSED   0x00000010   Data   RW         2777    .data               mem.o
    0x20000088   COMPRESSED   0x00000034   Data   RW         2850    .data               memp.o
    0x200000bc   COMPRESSED   0x00000009   Data   RW         2966    .data               netif.o
    0x200000c5   COMPRESSED   0x00000003   PAD
    0x200000c8   COMPRESSED   0x00000020   Data   RW         3428    .data               tcp.o
    0x200000e8   COMPRESSED   0x00000028   Data   RW         3704    .data               tcp_in.o
    0x20000110   COMPRESSED   0x0000000c   Data   RW         3927    .data               timeouts.o
    0x2000011c   COMPRESSED   0x00000008   Data   RW         4018    .data               udp.o
    0x20000124   COMPRESSED   0x00000001   Data   RW         4151    .data               etharp.o
    0x20000125   COMPRESSED   0x00000001   PAD
    0x20000126   COMPRESSED   0x00000002   Data   RW         4277    .data               ip4.o
    0x20000128   COMPRESSED   0x00000006   Data   RW         4395    .data               ip4_frag.o
    0x2000012e   COMPRESSED   0x00000002   PAD
    0x20000130   COMPRESSED   0x0000003c   Data   RW         4975    .data               tasks.o
    0x2000016c   COMPRESSED   0x00000004   Data   RW         5274    .data               port.o
    0x20000170   COMPRESSED   0x00000018   Data   RW         5356    .data               heap_4.o
    0x20000188   COMPRESSED   0x00000004   Data   RW         6026    .data               sockets.o
    0x2000018c   COMPRESSED   0x00000010   Data   RW         6322    .data               tcpip.o
    0x2000019c   COMPRESSED   0x00000010   Data   RW         7458    .data               hal_eth.o
    0x200001ac   COMPRESSED   0x00000010   Data   RW         8804    .data               hal_rcc.o
    0x200001bc   COMPRESSED   0x00000030   Data   RW        10611    .data               boot_api.o
    0x200001ec   COMPRESSED   0x00000004   Data   RW        10656    .data               iap.o
    0x200001f0   COMPRESSED   0x00000004   Data   RW        11091    .data               mc_w.l(stdout.o)
    0x200001f4   COMPRESSED   0x00000004   Data   RW        11100    .data               mc_w.l(mvars.o)
    0x200001f8   COMPRESSED   0x00000004   Data   RW        11105    .data               mc_w.l(errno.o)
    0x200001fc        -       0x00003020   Zero   RW          175    .bss                eth_bsp_config.o
    0x2000321c        -       0x0000006e   Zero   RW          795    .bss                rtc.o
    0x2000328a        -       0x00000014   Zero   RW         1420    .bss                age_ctrldrive.o
    0x2000329e        -       0x00000400   Zero   RW         1834    .bss                flash_data.o
    0x2000369e   COMPRESSED   0x00000002   PAD
    0x200036a0        -       0x000045f0   Zero   RW         1913    .bss                inter_init.o
    0x20007c90        -       0x00000050   Zero   RW         2350    .bss                sys_arch.o
    0x20007ce0        -       0x00000018   Zero   RW         2752    .bss                ip.o
    0x20007cf8        -       0x00006413   Zero   RW         2776    .bss                mem.o
    0x2000e10b        -       0x00008967   Zero   RW         2847    .bss                memp.o
    0x20016a72   COMPRESSED   0x00000002   PAD
    0x20016a74        -       0x00000014   Zero   RW         3703    .bss                tcp_in.o
    0x20016a88        -       0x000000f0   Zero   RW         4149    .bss                etharp.o
    0x20016b78        -       0x00000050   Zero   RW         4768    .bss                queue.o
    0x20016bc8        -       0x000002e4   Zero   RW         4974    .bss                tasks.o
    0x20016eac        -       0x00006400   Zero   RW         5355    .bss                heap_4.o
    0x2001d2ac        -       0x00000040   Zero   RW         6025    .bss                sockets.o
    0x2001d2ec        -       0x0000000c   Zero   RW         7457    .bss                hal_eth.o
    0x2001d2f8        -       0x00000400   Zero   RW          161    STACK               startup_mm32f327x_keil.o



  Load Region LR$$.ARM.__AT_0x08024004 (Base: 0x08024004, Size: 0x00000004, Max: 0x00000004, ABSOLUTE)

    Execution Region ER$$.ARM.__AT_0x08024004 (Exec base: 0x08024004, Load base: 0x08024004, Size: 0x00000004, Max: 0x00000004, ABSOLUTE, UNINIT)

    Exec Addr    Load Addr    Size         Type   Attr      Idx    E Section Name        Object

    0x08024004   0x08024004   0x00000001   Data   RO         1125    .ARM.__AT_0x08024004  main.o



  Load Region LR$$.ARM.__AT_0x0807FC00 (Base: 0x0807fc00, Size: 0x00000004, Max: 0x00000004, ABSOLUTE)

    Execution Region ER$$.ARM.__AT_0x0807FC00 (Exec base: 0x0807fc00, Load base: 0x0807fc00, Size: 0x00000004, Max: 0x00000004, ABSOLUTE, UNINIT)

    Exec Addr    Load Addr    Size         Type   Attr      Idx    E Section Name        Object

    0x0807fc00   0x0807fc00   0x00000001   Data   RO         1126    .ARM.__AT_0x0807FC00  main.o


==============================================================================

Image component sizes


      Code (inc. data)   RO Data    RW Data    ZI Data      Debug   Object Name

       708         42          0          2          0       3991   ad8688.o
      2444        172          0          2         20       4746   age_ctrldrive.o
      2594        776          0          0          0      31231   api_lib.o
      5846       1388          3          0          0      31417   api_msg.o
       584         26          0         48          0       4196   boot_api.o
        38          0          0          0          0        938   def.o
        30          0          0          0          0        775   delay.o
        12          0          0          0          0        420   drv_sys.o
        32          6         68          0          0       1655   err.o
       622         36          0          4      12320      54464   eth_bsp_config.o
      3156        532         65          1        240      10991   etharp.o
       380         58         12          0          0       2454   ethernet.o
       948        100          0         16          0       5941   ethernetif.o
         0          0          0          0          0       1472   event_groups.o
       624         40          0          0       1024       2334   flash_data.o
       236          8          0          0          0        579   fsmc_sram.o
        72         26          0          0          0        528   gy_cpld.o
        48         10          0          0          0       2464   hal_bkp.o
      1940        178          0         16         12      30465   hal_eth.o
       228         38          0          0          0       6209   hal_flash.o
       348         12          0          0          0       2639   hal_fsmc.o
       250          0          0          0          0       6273   hal_gpio.o
       168         22          0          0          0       1961   hal_misc.o
        36          6          0          0          0        498   hal_pwr.o
       504         82          0         16          0       9865   hal_rcc.o
       248         44          0          0          0       5556   hal_rtc.o
        30          0          0          0          0       8558   hal_tim.o
       508         62          0         24      25600       3567   heap_4.o
        44          8          0          4          0        658   iap.o
      1048        266          0          0          0       7320   icmp.o
       452          0          0          0          0      14460   inet_chksum.o
        64          4         65          0          0       3708   init.o
       250         14          0          0      17904       5684   inter_init.o
        28          6          0          0          0        441   interrupt.o
         0          0          0          0         24       3114   ip.o
      1174         88          0          2          0       5220   ip4.o
        78          0          8          0          0       8302   ip4_addr.o
      2754        498          0          6          0      11318   ip4_frag.o
       148          0          0          0          0       2902   list.o
       452         62          2         32          0      23464   main.o
       584         36          0          0          0       2313   mb88346b.o
      2092        660          0         16      25619       7397   mem.o
       428        148        412         52      35175      10304   memp.o
       160         22          0          0          0        945   miscellaneous.o
       212         54          0          0          0       3015   netbuf.o
      1234        284          0          9          0      13347   netif.o
      2798        814          0          0          0      18210   pbuf.o
       412         50          0          4          0       8556   port.o
       796         40          0          0          0       1135   programmctrl.o
      1492         20          0          0         80      13431   queue.o
       940         38         24          2        110       5972   rtc.o
       202          0          0          0          0       2522   sim_eeprom.o
      5238        574          0          4         64      37651   sockets.o
        88          0          0          0          0        585   sram.o
        36          8        400          0       1024        840   startup_mm32f327x_keil.o
        88          8          0          0          0        524   steptypectrl.o
       764         50          0         36         80      14557   sys_arch.o
       868         68          0         20          0     134328   system_mm32f327x.o
      2480        388          0         60        740      26180   tasks.o
      6606       1860        189         32          0      42604   tcp.o
      6920       1266          0         40         20      20279   tcp_in.o
      7874       2036         85          0          0      31494   tcp_out.o
       640         54          0          4          0      69723   tcpecho.o
       720        218          0         16          0       7273   tcpip.o
       748        216         28         12          0       6611   timeouts.o
        28          4          0          0          0        476   uart.o
      2626        742          0          8          0      12770   udp.o

    ----------------------------------------------------------------------
     76268      14268       1412        496     120060     815820   Object Totals
         0          0         32          0          0          0   (incl. Generated)
        68          0         19          8          4          0   (incl. Padding)

    ----------------------------------------------------------------------

      Code (inc. data)   RO Data    RW Data    ZI Data      Debug   Library Member Name

        86          0          0          0          0          0   __dczerorl2.o
        28          0          0          0          0         68   _chval.o
       158          0          0          0          0         92   _strtoul.o
        26          0          0          0          0         80   atoi.o
         8          4        133          0          0         68   ctype_o.o
         0          0          0          0          0          0   entry.o
         0          0          0          0          0          0   entry10a.o
         0          0          0          0          0          0   entry11a.o
         8          4          0          0          0          0   entry2.o
         4          0          0          0          0          0   entry5.o
         0          0          0          0          0          0   entry7b.o
         0          0          0          0          0          0   entry8b.o
         8          4          0          0          0          0   entry9a.o
         8          4          0          4          0         68   errno.o
        30          0          0          0          0          0   handlers.o
        36          8          0          0          0         68   init.o
        80          4          0          0          0         76   malloc.o
        26          0          0          0          0         80   memcmp.o
        64          0          0          0          0         76   memmovea.o
        36          0          0          0          0        108   memseta.o
         0          0          0          4          0          0   mvars.o
       866         14          0          0          0        352   printf6.o
         0          0          0          4          0          0   stdout.o
       112          0          0          0          0         88   strtol.o
        44          0          0          0          0         80   uidiv.o

    ----------------------------------------------------------------------
      1632         42        136         12          0       1304   Library Totals
         4          0          3          0          0          0   (incl. Padding)

    ----------------------------------------------------------------------

      Code (inc. data)   RO Data    RW Data    ZI Data      Debug   Library Name

      1628         42        133         12          0       1304   mc_w.l

    ----------------------------------------------------------------------
      1632         42        136         12          0       1304   Library Totals

    ----------------------------------------------------------------------

==============================================================================


      Code (inc. data)   RO Data    RW Data    ZI Data      Debug   

     77900      14310       1548        508     120060     791460   Grand Totals
     77900      14310       1548         84     120060     791460   ELF Image Totals (compressed)
     77900      14310       1548         84          0          0   ROM Totals

==============================================================================

    Total RO  Size (Code + RO Data)                79448 (  77.59kB)
    Total RW  Size (RW Data + ZI Data)            120568 ( 117.74kB)
    Total ROM Size (Code + RO Data + RW Data)      79532 (  77.67kB)

==============================================================================

