<html>
<body>
<pre>
<h1>µVision Build Log</h1>
<h2>Tool Versions:</h2>
IDE-Version: ¦ÌVision V5.29.0.0
Copyright (C) 2019 ARM Ltd and ARM Germany GmbH. All rights reserved.
License Information: A Administrator, A, LIC=VGXG8-3S7JY-9UQ4U-SGWZ5-CXLRB-09UEB
 
Tool Versions:
Toolchain:       MDK-ARM Plus  Version: 5.29.0.0
Toolchain Path:  D:\Keil_v5\ARM\ARMCC\Bin
C Compiler:      Armcc.exe V5.06 update 6 (build 750)
Assembler:       Armasm.exe V5.06 update 6 (build 750)
Linker/Locator:  ArmLink.exe V5.06 update 6 (build 750)
Library Manager: ArmAr.exe V5.06 update 6 (build 750)
Hex Converter:   FromElf.exe V5.06 update 6 (build 750)
CPU DLL:         SARMCM3.DLL V5.29.0.0
Dialog DLL:      DCM.DLL V1.17.3.0
Target DLL:      CMSIS_AGDI.dll V1.32.0.0
Dialog DLL:      TCM.DLL V1.36.5.0
 
<h2>Project:</h2>
E:\ZBZ\20211209\AGE_Light\KEILPRJ\AGE_Light.uvprojx
Project File Date:  01/28/2022

<h2>Output:</h2>
*** Using Compiler 'V5.06 update 6 (build 750)', folder: 'D:\Keil_v5\ARM\ARMCC\Bin'
Build target 'MM32Series'
assembling startup_mm32f327x_keil.s...
compiling system_mm32f327x.c...
compiling eth_bsp_config.c...
compiling fsmc_sram.c...
compiling tim1_interrupt.c...
compiling rtc.c...
compiling sram.c...
..\HARDWARE\FSMC_SRAM\sram.c(99): warning:  #550-D: variable "temp"  was set but never used
      u32 i, counter = 0,temp;
..\HARDWARE\FSMC_SRAM\sram.c: 1 warning, 0 errors
compiling tcpecho.c...
..\HARDWARE\TCP\tcpecho.c(51): warning:  #177-D: variable "connected"  was declared but never referenced
  	  int sock = -1, connected;
..\HARDWARE\TCP\tcpecho.c: 1 warning, 0 errors
compiling delay.c...
compiling sim_eeprom.c...
..\HARDWARE\SIM_EEPROM\sim_eeprom.c(258): warning:  #177-D: variable "sptr"  was declared but never referenced
  	 u16* sptr;
..\HARDWARE\SIM_EEPROM\sim_eeprom.c: 1 warning, 0 errors
compiling uart.c...
compiling sys.c...
compiling Abnormal.c...
compiling AD8688.c...
compiling main.c...
compiling AGE_CtrlDrive.c...
compiling Calibration.c...
compiling DataMath.c...
..\Use_Source\DataMath.c(325): warning:  #177-D: variable "i"  was declared but never referenced
  	uint16_t  FuncDelay,i;
..\Use_Source\DataMath.c: 1 warning, 0 errors
compiling DataSave.c...
compiling EndLimite_test.c...
compiling Flash_Data.c...
..\Use_Source\Flash_Data.c(74): warning:  #177-D: variable "i"  was declared but never referenced
  	  uint16_t i;
..\Use_Source\Flash_Data.c(190): warning:  #177-D: variable "UseFlag"  was declared but never referenced
      uint16_t itemp,jtemp,UseFlag=0;
..\Use_Source\Flash_Data.c: 2 warnings, 0 errors
compiling GY_CPLD.c...
compiling ETHCommunication.c...
..\Use_Source\ETHCommunication.c(872): warning:  #177-D: variable "sptr"  was declared but never referenced
      uint16_t  *dptr,*sptr;
..\Use_Source\ETHCommunication.c(925): warning:  #550-D: variable "ptr"  was set but never used
      uint16_t *ptr;
..\Use_Source\ETHCommunication.c: 2 warnings, 0 errors
compiling Inter_init.c...
compiling interrupt.c...
compiling MB88346B.c...
compiling Miscellaneous.c...
compiling altcp.c...
compiling altcp_alloc.c...
compiling altcp_tcp.c...
compiling def.c...
compiling ProgrammCtrl.c...
compiling Sample.c...
compiling dns.c...
compiling inet_chksum.c...
compiling SampleDataDeal.c...
compiling StepTypeCtrl.c...
compiling ip.c...
compiling sys_arch.c...
compiling ethernetif.c...
compiling raw.c...
compiling stats.c...
compiling tcp.c...
compiling tcp_in.c...
compiling mem.c...
compiling sys.c...
compiling pbuf.c...
compiling tcp_out.c...
compiling netif.c...
compiling init.c...
compiling memp.c...
compiling autoip.c...
compiling dhcp.c...
compiling udp.c...
compiling igmp.c...
compiling etharp.c...
compiling icmp.c...
compiling ip4_addr.c...
compiling ip4.c...
compiling lowpan6.c...
compiling ip4_frag.c...
compiling ethernet.c...
compiling lowpan6_ble.c...
compiling lowpan6_common.c...
compiling zepif.c...
compiling timeouts.c...
compiling croutine.c...
compiling list.c...
compiling event_groups.c...
compiling bridgeif.c...
compiling queue.c...
compiling tasks.c...
compiling timers.c...
compiling netbuf.c...
compiling netdb.c...
compiling netifapi.c...
compiling port.c...
compiling heap_4.c...
compiling err.c...
compiling if_api.c...
compiling hal_adc.c...
compiling api_lib.c...
compiling api_msg.c...
compiling hal_bkp.c...
compiling hal_comp.c...
compiling hal_crc.c...
compiling hal_can.c...
compiling hal_dbg.c...
compiling hal_dma.c...
compiling tcpip.c...
compiling hal_exti.c...
compiling hal_dac.c...
compiling hal_flash.c...
compiling hal_fsmc.c...
compiling hal_iwdg.c...
compiling sockets.c...
compiling hal_misc.c...
compiling hal_eth.c...
compiling hal_gpio.c...
compiling hal_rtc.c...
compiling hal_i2c.c...
compiling hal_pwr.c...
compiling hal_uid.c...
compiling hal_rcc.c...
compiling hal_ver.c...
compiling hal_spi.c...
compiling hal_sdio.c...
compiling hal_uart.c...
compiling hal_tim.c...
compiling hal_wwdg.c...
linking...
Program Size: Code=94820 RO-data=2280 RW-data=444 ZI-data=121084  
FromELF: creating hex file...
After Build - User command #1: fromelf --bin -o "E:\ZBZ\20211209\AGE_Light\KEILPRJ\OBJ\MBOUT.bin" "E:\ZBZ\20211209\AGE_Light\KEILPRJ\OBJ\MBOUT.axf"
".\OBJ\MBOUT.axf" - 0 Error(s), 8 Warning(s).

<h2>Software Packages used:</h2>

Package Vendor: MindMotion
                http://www.mindmotion.com.cn/Download/MDK_KEIL/MindMotion.MM32F3270_DFP.1.0.5.pack
                MindMotion.MM32F3270_DFP.1.0.5
                MindMotion MM32F3270 Series Device Support, Drivers and Examples

<h2>Collection of Component include folders:</h2>
  .\RTE\_MM32Series
  C:\Users\Administrator\AppData\Local\Arm\Packs\MindMotion\MM32F3270_DFP\1.0.5\Device\MM32F327x\Include

<h2>Collection of Component Files used:</h2>
Build Time Elapsed:  00:00:17
</pre>
</body>
</html>
